#
# There is insufficient memory for the Java Runtime Environment to continue.
# Native memory allocation (malloc) failed to allocate 876112 bytes. Error detail: Chunk::new
# Possible reasons:
#   The system is out of physical RAM or swap space
#   This process is running with CompressedOops enabled, and the Java Heap may be blocking the growth of the native heap
# Possible solutions:
#   Reduce memory load on the system
#   Increase physical memory or swap space
#   Check if swap backing store is full
#   Decrease Java heap size (-Xmx/-Xms)
#   Decrease number of Java threads
#   Decrease Java thread stack sizes (-Xss)
#   Set larger code cache with -XX:ReservedCodeCacheSize=
#   JVM is running with Unscaled Compressed Oops mode in which the Java heap is
#     placed in the first 4GB address space. The Java Heap base address is the
#     maximum limit for the native heap growth. Please use -XX:HeapBaseMinAddress
#     to set the Java Heap base and to place the Java Heap above 4GB virtual address.
# This output file may be truncated or incomplete.
#
#  Out of Memory Error (arena.cpp:162), pid=8144, tid=25672
#
# JRE version: OpenJDK Runtime Environment (24.0.2+12) (build 24.0.2+12-54)
# Java VM: OpenJDK 64-Bit Server VM (24.0.2+12-54, mixed mode, sharing, tiered, compressed oops, compressed class ptrs, g1 gc, windows-amd64)
# No core dump will be written. Minidumps are not enabled by default on client versions of Windows
#

---------------  S U M M A R Y ------------

Command Line: C:\Users\sonaw\AppData\Local\Temp\surefire8160099227916047722\surefirebooter-20260406230030667_3.jar C:\Users\sonaw\AppData\Local\Temp\surefire8160099227916047722 2026-04-06T23-00-28_318-jvmRun1 surefire-20260406230030667_1tmp surefire_0-20260406230030667_2tmp

Host: Intel(R) Core(TM) i5-8265U CPU @ 1.60GHz, 8 cores, 7G,  Windows 10 , 64 bit Build 19041 (10.0.19041.5915)
Time: Mon Apr  6 23:00:31 2026 India Standard Time elapsed time: 0.154272 seconds (0d 0h 0m 0s)

---------------  T H R E A D  ---------------

Current thread (0x000001b53941ec20):  JavaThread "C2 CompilerThread1" daemon [_thread_in_native, id=25672, stack(0x00000021d5d00000,0x00000021d5e00000) (1024K)]


Current CompileTask:
C2:154  254   !   4       java.util.zip.ZipFile$Source::checkAndAddEntry (347 bytes)

Stack: [0x00000021d5d00000,0x00000021d5e00000]
Native frames: (J=compiled Java code, j=interpreted, Vv=VM code, C=native code)
V  [jvm.dll+0x730829]  (no source info available)
V  [jvm.dll+0x8d9da3]  (no source info available)
V  [jvm.dll+0x8dc28d]  (no source info available)
V  [jvm.dll+0x8dc903]  (no source info available)
V  [jvm.dll+0x2a9f56]  (no source info available)
V  [jvm.dll+0xced7f]  (no source info available)
V  [jvm.dll+0xcefdf]  (no source info available)
V  [jvm.dll+0x154c83]  (no source info available)
V  [jvm.dll+0x73604f]  (no source info available)
V  [jvm.dll+0x26f8dc]  (no source info available)
V  [jvm.dll+0x26e8ff]  (no source info available)
V  [jvm.dll+0x1e9c90]  (no source info available)
V  [jvm.dll+0x27e0cb]  (no source info available)
V  [jvm.dll+0x27c36a]  (no source info available)
V  [jvm.dll+0x42f396]  (no source info available)
V  [jvm.dll+0x87d9eb]  (no source info available)
V  [jvm.dll+0x72ef45]  (no source info available)
C  [ucrtbase.dll+0x21bb2]  (no source info available)
C  [KERNEL32.DLL+0x17374]  (no source info available)
C  [ntdll.dll+0x4cc91]  (no source info available)

Lock stack of current Java thread (top to bottom):


---------------  P R O C E S S  ---------------

Threads class SMR info:
_java_thread_list=0x000001b53932e5f0, length=12, elements={
0x000001b51a20eb40, 0x000001b539195de0, 0x000001b5391969e0, 0x000001b539198720,
0x000001b53919b260, 0x000001b53919e130, 0x000001b53919bd90, 0x000001b53919cbf0,
0x000001b5391afa20, 0x000001b5392337d0, 0x000001b539235140, 0x000001b53941ec20
}

Java Threads: ( => current thread )
  0x000001b51a20eb40 JavaThread "main"                              [_thread_in_vm, id=11944, stack(0x00000021d4b00000,0x00000021d4c00000) (1024K)]
  0x000001b539195de0 JavaThread "Reference Handler"          daemon [_thread_blocked, id=26904, stack(0x00000021d5300000,0x00000021d5400000) (1024K)]
  0x000001b5391969e0 JavaThread "Finalizer"                  daemon [_thread_blocked, id=19752, stack(0x00000021d5400000,0x00000021d5500000) (1024K)]
  0x000001b539198720 JavaThread "Signal Dispatcher"          daemon [_thread_blocked, id=31420, stack(0x00000021d5500000,0x00000021d5600000) (1024K)]
  0x000001b53919b260 JavaThread "Attach Listener"            daemon [_thread_blocked, id=7688, stack(0x00000021d5600000,0x00000021d5700000) (1024K)]
  0x000001b53919e130 JavaThread "Service Thread"             daemon [_thread_blocked, id=13112, stack(0x00000021d5700000,0x00000021d5800000) (1024K)]
  0x000001b53919bd90 JavaThread "Monitor Deflation Thread"   daemon [_thread_blocked, id=26492, stack(0x00000021d5800000,0x00000021d5900000) (1024K)]
  0x000001b53919cbf0 JavaThread "C2 CompilerThread0"         daemon [_thread_blocked, id=21532, stack(0x00000021d5900000,0x00000021d5a00000) (1024K)]
  0x000001b5391afa20 JavaThread "C1 CompilerThread0"         daemon [_thread_blocked, id=17400, stack(0x00000021d5a00000,0x00000021d5b00000) (1024K)]
  0x000001b5392337d0 JavaThread "Notification Thread"        daemon [_thread_blocked, id=10576, stack(0x00000021d5b00000,0x00000021d5c00000) (1024K)]
  0x000001b539235140 JavaThread "Common-Cleaner"             daemon [_thread_blocked, id=4964, stack(0x00000021d5c00000,0x00000021d5d00000) (1024K)]
=>0x000001b53941ec20 JavaThread "C2 CompilerThread1"         daemon [_thread_in_native, id=25672, stack(0x00000021d5d00000,0x00000021d5e00000) (1024K)]
Total: 12

Other Threads:
  0x000001b5391861a0 VMThread "VM Thread"                           [id=10544, stack(0x00000021d5200000,0x00000021d5300000) (1024K)]
  0x000001b5391751b0 WatcherThread "VM Periodic Task Thread"        [id=21200, stack(0x00000021d5100000,0x00000021d5200000) (1024K)]
  0x000001b51c4473e0 WorkerThread "GC Thread#0"                     [id=9892, stack(0x00000021d4c00000,0x00000021d4d00000) (1024K)]
  0x000001b51c45be90 ConcurrentGCThread "G1 Main Marker"            [id=27328, stack(0x00000021d4d00000,0x00000021d4e00000) (1024K)]
  0x000001b51c45da40 WorkerThread "G1 Conc#0"                       [id=30548, stack(0x00000021d4e00000,0x00000021d4f00000) (1024K)]
  0x000001b51c4be700 ConcurrentGCThread "G1 Refine#0"               [id=20596, stack(0x00000021d4f00000,0x00000021d5000000) (1024K)]
  0x000001b539039380 ConcurrentGCThread "G1 Service"                [id=6296, stack(0x00000021d5000000,0x00000021d5100000) (1024K)]
Total: 7

Threads with active compile tasks:
C2 CompilerThread1  268  254   !   4       java.util.zip.ZipFile$Source::checkAndAddEntry (347 bytes)
Total: 1

VM state: not at safepoint (normal execution)

VM Mutex/Monitor currently owned by a thread: None

Heap address: 0x0000000081e00000, size: 2018 MB, Compressed Oops mode: 32-bit

CDS archive(s) mapped at: [0x000001b53a000000-0x000001b53ad40000-0x000001b53ad40000), size 13893632, SharedBaseAddress: 0x000001b53a000000, ArchiveRelocationMode: 1.
Compressed class space mapped at: 0x000001b53b000000-0x000001b57b000000, reserved size: 1073741824
UseCompressedClassPointers 1, UseCompactObjectHeaders 0
Narrow klass pointer bits 32, Max shift 3
Narrow klass base: 0x000001b53a000000, Narrow klass shift: 0
Encoding Range: [0x000001b53a000000 - 0x000001b63a000000), (4294967296 bytes)
Klass Range:    [0x000001b53a000000 - 0x000001b57b000000), (1090519040 bytes)
Klass ID Range:  [8 - 1090519033) (1090519025)

GC Precious Log:
 CardTable entry size: 512
 Card Set container configuration: InlinePtr #cards 5 size 8 Array Of Cards #cards 10 size 36 Howl #buckets 4 coarsen threshold 1843 Howl Bitmap #cards 512 size 80 coarsen threshold 460 Card regions per heap region 1 cards per card region 2048
 CPUs: 8 total, 8 available
 Memory: 8067M
 Large Page Support: Disabled
 NUMA Support: Disabled
 Compressed Oops: Enabled (32-bit)
 Heap Region Size: 1M
 Heap Min Capacity: 8M
 Heap Initial Capacity: 128M
 Heap Max Capacity: 2018M
 Pre-touch: Disabled
 Parallel Workers: 8
 Concurrent Workers: 2
 Concurrent Refinement Workers: 8
 Periodic GC: Disabled

Heap:
 garbage-first heap   total reserved 2066432K, committed 133120K, used 10352K [0x0000000081e00000, 0x0000000100000000)
  region size 1024K, 9 young (9216K), 0 survivors (0K)
 Metaspace       used 1144K, committed 1280K, reserved 1114112K
  class space    used 82K, committed 128K, reserved 1048576K

Heap Regions: E=young(eden), S=young(survivor), O=old, HS=humongous(starts), HC=humongous(continues), CS=collection set, F=free, TAMS=top-at-mark-start, PB=parsable bottom
|   0|0x0000000081e00000, 0x0000000081f00000, 0x0000000081f00000|100%|HS|  |TAMS 0x0000000081e00000| PB 0x0000000081e00000| Complete |  0
|   1|0x0000000081f00000, 0x0000000081f00000, 0x0000000082000000|  0%| F|  |TAMS 0x0000000081f00000| PB 0x0000000081f00000| Untracked |  0
|   2|0x0000000082000000, 0x0000000082000000, 0x0000000082100000|  0%| F|  |TAMS 0x0000000082000000| PB 0x0000000082000000| Untracked |  0
|   3|0x0000000082100000, 0x0000000082100000, 0x0000000082200000|  0%| F|  |TAMS 0x0000000082100000| PB 0x0000000082100000| Untracked |  0
|   4|0x0000000082200000, 0x0000000082200000, 0x0000000082300000|  0%| F|  |TAMS 0x0000000082200000| PB 0x0000000082200000| Untracked |  0
|   5|0x0000000082300000, 0x0000000082300000, 0x0000000082400000|  0%| F|  |TAMS 0x0000000082300000| PB 0x0000000082300000| Untracked |  0
|   6|0x0000000082400000, 0x0000000082400000, 0x0000000082500000|  0%| F|  |TAMS 0x0000000082400000| PB 0x0000000082400000| Untracked |  0
|   7|0x0000000082500000, 0x0000000082500000, 0x0000000082600000|  0%| F|  |TAMS 0x0000000082500000| PB 0x0000000082500000| Untracked |  0
|   8|0x0000000082600000, 0x0000000082600000, 0x0000000082700000|  0%| F|  |TAMS 0x0000000082600000| PB 0x0000000082600000| Untracked |  0
|   9|0x0000000082700000, 0x0000000082700000, 0x0000000082800000|  0%| F|  |TAMS 0x0000000082700000| PB 0x0000000082700000| Untracked |  0
|  10|0x0000000082800000, 0x0000000082800000, 0x0000000082900000|  0%| F|  |TAMS 0x0000000082800000| PB 0x0000000082800000| Untracked |  0
|  11|0x0000000082900000, 0x0000000082900000, 0x0000000082a00000|  0%| F|  |TAMS 0x0000000082900000| PB 0x0000000082900000| Untracked |  0
|  12|0x0000000082a00000, 0x0000000082a00000, 0x0000000082b00000|  0%| F|  |TAMS 0x0000000082a00000| PB 0x0000000082a00000| Untracked |  0
|  13|0x0000000082b00000, 0x0000000082b00000, 0x0000000082c00000|  0%| F|  |TAMS 0x0000000082b00000| PB 0x0000000082b00000| Untracked |  0
|  14|0x0000000082c00000, 0x0000000082c00000, 0x0000000082d00000|  0%| F|  |TAMS 0x0000000082c00000| PB 0x0000000082c00000| Untracked |  0
|  15|0x0000000082d00000, 0x0000000082d00000, 0x0000000082e00000|  0%| F|  |TAMS 0x0000000082d00000| PB 0x0000000082d00000| Untracked |  0
|  16|0x0000000082e00000, 0x0000000082e00000, 0x0000000082f00000|  0%| F|  |TAMS 0x0000000082e00000| PB 0x0000000082e00000| Untracked |  0
|  17|0x0000000082f00000, 0x0000000082f00000, 0x0000000083000000|  0%| F|  |TAMS 0x0000000082f00000| PB 0x0000000082f00000| Untracked |  0
|  18|0x0000000083000000, 0x0000000083000000, 0x0000000083100000|  0%| F|  |TAMS 0x0000000083000000| PB 0x0000000083000000| Untracked |  0
|  19|0x0000000083100000, 0x0000000083100000, 0x0000000083200000|  0%| F|  |TAMS 0x0000000083100000| PB 0x0000000083100000| Untracked |  0
|  20|0x0000000083200000, 0x0000000083200000, 0x0000000083300000|  0%| F|  |TAMS 0x0000000083200000| PB 0x0000000083200000| Untracked |  0
|  21|0x0000000083300000, 0x0000000083300000, 0x0000000083400000|  0%| F|  |TAMS 0x0000000083300000| PB 0x0000000083300000| Untracked |  0
|  22|0x0000000083400000, 0x0000000083400000, 0x0000000083500000|  0%| F|  |TAMS 0x0000000083400000| PB 0x0000000083400000| Untracked |  0
|  23|0x0000000083500000, 0x0000000083500000, 0x0000000083600000|  0%| F|  |TAMS 0x0000000083500000| PB 0x0000000083500000| Untracked |  0
|  24|0x0000000083600000, 0x0000000083600000, 0x0000000083700000|  0%| F|  |TAMS 0x0000000083600000| PB 0x0000000083600000| Untracked |  0
|  25|0x0000000083700000, 0x0000000083700000, 0x0000000083800000|  0%| F|  |TAMS 0x0000000083700000| PB 0x0000000083700000| Untracked |  0
|  26|0x0000000083800000, 0x0000000083800000, 0x0000000083900000|  0%| F|  |TAMS 0x0000000083800000| PB 0x0000000083800000| Untracked |  0
|  27|0x0000000083900000, 0x0000000083900000, 0x0000000083a00000|  0%| F|  |TAMS 0x0000000083900000| PB 0x0000000083900000| Untracked |  0
|  28|0x0000000083a00000, 0x0000000083a00000, 0x0000000083b00000|  0%| F|  |TAMS 0x0000000083a00000| PB 0x0000000083a00000| Untracked |  0
|  29|0x0000000083b00000, 0x0000000083b00000, 0x0000000083c00000|  0%| F|  |TAMS 0x0000000083b00000| PB 0x0000000083b00000| Untracked |  0
|  30|0x0000000083c00000, 0x0000000083c00000, 0x0000000083d00000|  0%| F|  |TAMS 0x0000000083c00000| PB 0x0000000083c00000| Untracked |  0
|  31|0x0000000083d00000, 0x0000000083d00000, 0x0000000083e00000|  0%| F|  |TAMS 0x0000000083d00000| PB 0x0000000083d00000| Untracked |  0
|  32|0x0000000083e00000, 0x0000000083e00000, 0x0000000083f00000|  0%| F|  |TAMS 0x0000000083e00000| PB 0x0000000083e00000| Untracked |  0
|  33|0x0000000083f00000, 0x0000000083f00000, 0x0000000084000000|  0%| F|  |TAMS 0x0000000083f00000| PB 0x0000000083f00000| Untracked |  0
|  34|0x0000000084000000, 0x0000000084000000, 0x0000000084100000|  0%| F|  |TAMS 0x0000000084000000| PB 0x0000000084000000| Untracked |  0
|  35|0x0000000084100000, 0x0000000084100000, 0x0000000084200000|  0%| F|  |TAMS 0x0000000084100000| PB 0x0000000084100000| Untracked |  0
|  36|0x0000000084200000, 0x0000000084200000, 0x0000000084300000|  0%| F|  |TAMS 0x0000000084200000| PB 0x0000000084200000| Untracked |  0
|  37|0x0000000084300000, 0x0000000084300000, 0x0000000084400000|  0%| F|  |TAMS 0x0000000084300000| PB 0x0000000084300000| Untracked |  0
|  38|0x0000000084400000, 0x0000000084400000, 0x0000000084500000|  0%| F|  |TAMS 0x0000000084400000| PB 0x0000000084400000| Untracked |  0
|  39|0x0000000084500000, 0x0000000084500000, 0x0000000084600000|  0%| F|  |TAMS 0x0000000084500000| PB 0x0000000084500000| Untracked |  0
|  40|0x0000000084600000, 0x0000000084600000, 0x0000000084700000|  0%| F|  |TAMS 0x0000000084600000| PB 0x0000000084600000| Untracked |  0
|  41|0x0000000084700000, 0x0000000084700000, 0x0000000084800000|  0%| F|  |TAMS 0x0000000084700000| PB 0x0000000084700000| Untracked |  0
|  42|0x0000000084800000, 0x0000000084800000, 0x0000000084900000|  0%| F|  |TAMS 0x0000000084800000| PB 0x0000000084800000| Untracked |  0
|  43|0x0000000084900000, 0x0000000084900000, 0x0000000084a00000|  0%| F|  |TAMS 0x0000000084900000| PB 0x0000000084900000| Untracked |  0
|  44|0x0000000084a00000, 0x0000000084a00000, 0x0000000084b00000|  0%| F|  |TAMS 0x0000000084a00000| PB 0x0000000084a00000| Untracked |  0
|  45|0x0000000084b00000, 0x0000000084b00000, 0x0000000084c00000|  0%| F|  |TAMS 0x0000000084b00000| PB 0x0000000084b00000| Untracked |  0
|  46|0x0000000084c00000, 0x0000000084c00000, 0x0000000084d00000|  0%| F|  |TAMS 0x0000000084c00000| PB 0x0000000084c00000| Untracked |  0
|  47|0x0000000084d00000, 0x0000000084d00000, 0x0000000084e00000|  0%| F|  |TAMS 0x0000000084d00000| PB 0x0000000084d00000| Untracked |  0
|  48|0x0000000084e00000, 0x0000000084e00000, 0x0000000084f00000|  0%| F|  |TAMS 0x0000000084e00000| PB 0x0000000084e00000| Untracked |  0
|  49|0x0000000084f00000, 0x0000000084f00000, 0x0000000085000000|  0%| F|  |TAMS 0x0000000084f00000| PB 0x0000000084f00000| Untracked |  0
|  50|0x0000000085000000, 0x0000000085000000, 0x0000000085100000|  0%| F|  |TAMS 0x0000000085000000| PB 0x0000000085000000| Untracked |  0
|  51|0x0000000085100000, 0x0000000085100000, 0x0000000085200000|  0%| F|  |TAMS 0x0000000085100000| PB 0x0000000085100000| Untracked |  0
|  52|0x0000000085200000, 0x0000000085200000, 0x0000000085300000|  0%| F|  |TAMS 0x0000000085200000| PB 0x0000000085200000| Untracked |  0
|  53|0x0000000085300000, 0x0000000085300000, 0x0000000085400000|  0%| F|  |TAMS 0x0000000085300000| PB 0x0000000085300000| Untracked |  0
|  54|0x0000000085400000, 0x0000000085400000, 0x0000000085500000|  0%| F|  |TAMS 0x0000000085400000| PB 0x0000000085400000| Untracked |  0
|  55|0x0000000085500000, 0x0000000085500000, 0x0000000085600000|  0%| F|  |TAMS 0x0000000085500000| PB 0x0000000085500000| Untracked |  0
|  56|0x0000000085600000, 0x0000000085600000, 0x0000000085700000|  0%| F|  |TAMS 0x0000000085600000| PB 0x0000000085600000| Untracked |  0
|  57|0x0000000085700000, 0x0000000085700000, 0x0000000085800000|  0%| F|  |TAMS 0x0000000085700000| PB 0x0000000085700000| Untracked |  0
|  58|0x0000000085800000, 0x0000000085800000, 0x0000000085900000|  0%| F|  |TAMS 0x0000000085800000| PB 0x0000000085800000| Untracked |  0
|  59|0x0000000085900000, 0x0000000085900000, 0x0000000085a00000|  0%| F|  |TAMS 0x0000000085900000| PB 0x0000000085900000| Untracked |  0
|  60|0x0000000085a00000, 0x0000000085a00000, 0x0000000085b00000|  0%| F|  |TAMS 0x0000000085a00000| PB 0x0000000085a00000| Untracked |  0
|  61|0x0000000085b00000, 0x0000000085b00000, 0x0000000085c00000|  0%| F|  |TAMS 0x0000000085b00000| PB 0x0000000085b00000| Untracked |  0
|  62|0x0000000085c00000, 0x0000000085c00000, 0x0000000085d00000|  0%| F|  |TAMS 0x0000000085c00000| PB 0x0000000085c00000| Untracked |  0
|  63|0x0000000085d00000, 0x0000000085d00000, 0x0000000085e00000|  0%| F|  |TAMS 0x0000000085d00000| PB 0x0000000085d00000| Untracked |  0
|  64|0x0000000085e00000, 0x0000000085e00000, 0x0000000085f00000|  0%| F|  |TAMS 0x0000000085e00000| PB 0x0000000085e00000| Untracked |  0
|  65|0x0000000085f00000, 0x0000000085f00000, 0x0000000086000000|  0%| F|  |TAMS 0x0000000085f00000| PB 0x0000000085f00000| Untracked |  0
|  66|0x0000000086000000, 0x0000000086000000, 0x0000000086100000|  0%| F|  |TAMS 0x0000000086000000| PB 0x0000000086000000| Untracked |  0
|  67|0x0000000086100000, 0x0000000086100000, 0x0000000086200000|  0%| F|  |TAMS 0x0000000086100000| PB 0x0000000086100000| Untracked |  0
|  68|0x0000000086200000, 0x0000000086200000, 0x0000000086300000|  0%| F|  |TAMS 0x0000000086200000| PB 0x0000000086200000| Untracked |  0
|  69|0x0000000086300000, 0x0000000086300000, 0x0000000086400000|  0%| F|  |TAMS 0x0000000086300000| PB 0x0000000086300000| Untracked |  0
|  70|0x0000000086400000, 0x0000000086400000, 0x0000000086500000|  0%| F|  |TAMS 0x0000000086400000| PB 0x0000000086400000| Untracked |  0
|  71|0x0000000086500000, 0x0000000086500000, 0x0000000086600000|  0%| F|  |TAMS 0x0000000086500000| PB 0x0000000086500000| Untracked |  0
|  72|0x0000000086600000, 0x0000000086600000, 0x0000000086700000|  0%| F|  |TAMS 0x0000000086600000| PB 0x0000000086600000| Untracked |  0
|  73|0x0000000086700000, 0x0000000086700000, 0x0000000086800000|  0%| F|  |TAMS 0x0000000086700000| PB 0x0000000086700000| Untracked |  0
|  74|0x0000000086800000, 0x0000000086800000, 0x0000000086900000|  0%| F|  |TAMS 0x0000000086800000| PB 0x0000000086800000| Untracked |  0
|  75|0x0000000086900000, 0x0000000086900000, 0x0000000086a00000|  0%| F|  |TAMS 0x0000000086900000| PB 0x0000000086900000| Untracked |  0
|  76|0x0000000086a00000, 0x0000000086a00000, 0x0000000086b00000|  0%| F|  |TAMS 0x0000000086a00000| PB 0x0000000086a00000| Untracked |  0
|  77|0x0000000086b00000, 0x0000000086b00000, 0x0000000086c00000|  0%| F|  |TAMS 0x0000000086b00000| PB 0x0000000086b00000| Untracked |  0
|  78|0x0000000086c00000, 0x0000000086c00000, 0x0000000086d00000|  0%| F|  |TAMS 0x0000000086c00000| PB 0x0000000086c00000| Untracked |  0
|  79|0x0000000086d00000, 0x0000000086d00000, 0x0000000086e00000|  0%| F|  |TAMS 0x0000000086d00000| PB 0x0000000086d00000| Untracked |  0
|  80|0x0000000086e00000, 0x0000000086e00000, 0x0000000086f00000|  0%| F|  |TAMS 0x0000000086e00000| PB 0x0000000086e00000| Untracked |  0
|  81|0x0000000086f00000, 0x0000000086f00000, 0x0000000087000000|  0%| F|  |TAMS 0x0000000086f00000| PB 0x0000000086f00000| Untracked |  0
|  82|0x0000000087000000, 0x0000000087000000, 0x0000000087100000|  0%| F|  |TAMS 0x0000000087000000| PB 0x0000000087000000| Untracked |  0
|  83|0x0000000087100000, 0x0000000087100000, 0x0000000087200000|  0%| F|  |TAMS 0x0000000087100000| PB 0x0000000087100000| Untracked |  0
|  84|0x0000000087200000, 0x0000000087200000, 0x0000000087300000|  0%| F|  |TAMS 0x0000000087200000| PB 0x0000000087200000| Untracked |  0
|  85|0x0000000087300000, 0x0000000087300000, 0x0000000087400000|  0%| F|  |TAMS 0x0000000087300000| PB 0x0000000087300000| Untracked |  0
|  86|0x0000000087400000, 0x0000000087400000, 0x0000000087500000|  0%| F|  |TAMS 0x0000000087400000| PB 0x0000000087400000| Untracked |  0
|  87|0x0000000087500000, 0x0000000087500000, 0x0000000087600000|  0%| F|  |TAMS 0x0000000087500000| PB 0x0000000087500000| Untracked |  0
|  88|0x0000000087600000, 0x0000000087600000, 0x0000000087700000|  0%| F|  |TAMS 0x0000000087600000| PB 0x0000000087600000| Untracked |  0
|  89|0x0000000087700000, 0x0000000087700000, 0x0000000087800000|  0%| F|  |TAMS 0x0000000087700000| PB 0x0000000087700000| Untracked |  0
|  90|0x0000000087800000, 0x0000000087800000, 0x0000000087900000|  0%| F|  |TAMS 0x0000000087800000| PB 0x0000000087800000| Untracked |  0
|  91|0x0000000087900000, 0x0000000087900000, 0x0000000087a00000|  0%| F|  |TAMS 0x0000000087900000| PB 0x0000000087900000| Untracked |  0
|  92|0x0000000087a00000, 0x0000000087a00000, 0x0000000087b00000|  0%| F|  |TAMS 0x0000000087a00000| PB 0x0000000087a00000| Untracked |  0
|  93|0x0000000087b00000, 0x0000000087b00000, 0x0000000087c00000|  0%| F|  |TAMS 0x0000000087b00000| PB 0x0000000087b00000| Untracked |  0
|  94|0x0000000087c00000, 0x0000000087c00000, 0x0000000087d00000|  0%| F|  |TAMS 0x0000000087c00000| PB 0x0000000087c00000| Untracked |  0
|  95|0x0000000087d00000, 0x0000000087d00000, 0x0000000087e00000|  0%| F|  |TAMS 0x0000000087d00000| PB 0x0000000087d00000| Untracked |  0
|  96|0x0000000087e00000, 0x0000000087e00000, 0x0000000087f00000|  0%| F|  |TAMS 0x0000000087e00000| PB 0x0000000087e00000| Untracked |  0
|  97|0x0000000087f00000, 0x0000000087f00000, 0x0000000088000000|  0%| F|  |TAMS 0x0000000087f00000| PB 0x0000000087f00000| Untracked |  0
|  98|0x0000000088000000, 0x0000000088000000, 0x0000000088100000|  0%| F|  |TAMS 0x0000000088000000| PB 0x0000000088000000| Untracked |  0
|  99|0x0000000088100000, 0x0000000088100000, 0x0000000088200000|  0%| F|  |TAMS 0x0000000088100000| PB 0x0000000088100000| Untracked |  0
| 100|0x0000000088200000, 0x0000000088200000, 0x0000000088300000|  0%| F|  |TAMS 0x0000000088200000| PB 0x0000000088200000| Untracked |  0
| 101|0x0000000088300000, 0x0000000088300000, 0x0000000088400000|  0%| F|  |TAMS 0x0000000088300000| PB 0x0000000088300000| Untracked |  0
| 102|0x0000000088400000, 0x0000000088400000, 0x0000000088500000|  0%| F|  |TAMS 0x0000000088400000| PB 0x0000000088400000| Untracked |  0
| 103|0x0000000088500000, 0x0000000088500000, 0x0000000088600000|  0%| F|  |TAMS 0x0000000088500000| PB 0x0000000088500000| Untracked |  0
| 104|0x0000000088600000, 0x0000000088600000, 0x0000000088700000|  0%| F|  |TAMS 0x0000000088600000| PB 0x0000000088600000| Untracked |  0
| 105|0x0000000088700000, 0x0000000088700000, 0x0000000088800000|  0%| F|  |TAMS 0x0000000088700000| PB 0x0000000088700000| Untracked |  0
| 106|0x0000000088800000, 0x0000000088800000, 0x0000000088900000|  0%| F|  |TAMS 0x0000000088800000| PB 0x0000000088800000| Untracked |  0
| 107|0x0000000088900000, 0x0000000088900000, 0x0000000088a00000|  0%| F|  |TAMS 0x0000000088900000| PB 0x0000000088900000| Untracked |  0
| 108|0x0000000088a00000, 0x0000000088a00000, 0x0000000088b00000|  0%| F|  |TAMS 0x0000000088a00000| PB 0x0000000088a00000| Untracked |  0
| 109|0x0000000088b00000, 0x0000000088b00000, 0x0000000088c00000|  0%| F|  |TAMS 0x0000000088b00000| PB 0x0000000088b00000| Untracked |  0
| 110|0x0000000088c00000, 0x0000000088c00000, 0x0000000088d00000|  0%| F|  |TAMS 0x0000000088c00000| PB 0x0000000088c00000| Untracked |  0
| 111|0x0000000088d00000, 0x0000000088d00000, 0x0000000088e00000|  0%| F|  |TAMS 0x0000000088d00000| PB 0x0000000088d00000| Untracked |  0
| 112|0x0000000088e00000, 0x0000000088e00000, 0x0000000088f00000|  0%| F|  |TAMS 0x0000000088e00000| PB 0x0000000088e00000| Untracked |  0
| 113|0x0000000088f00000, 0x0000000088f00000, 0x0000000089000000|  0%| F|  |TAMS 0x0000000088f00000| PB 0x0000000088f00000| Untracked |  0
| 114|0x0000000089000000, 0x0000000089000000, 0x0000000089100000|  0%| F|  |TAMS 0x0000000089000000| PB 0x0000000089000000| Untracked |  0
| 115|0x0000000089100000, 0x0000000089100000, 0x0000000089200000|  0%| F|  |TAMS 0x0000000089100000| PB 0x0000000089100000| Untracked |  0
| 116|0x0000000089200000, 0x0000000089200000, 0x0000000089300000|  0%| F|  |TAMS 0x0000000089200000| PB 0x0000000089200000| Untracked |  0
| 117|0x0000000089300000, 0x0000000089300000, 0x0000000089400000|  0%| F|  |TAMS 0x0000000089300000| PB 0x0000000089300000| Untracked |  0
| 118|0x0000000089400000, 0x0000000089400000, 0x0000000089500000|  0%| F|  |TAMS 0x0000000089400000| PB 0x0000000089400000| Untracked |  0
| 119|0x0000000089500000, 0x000000008958ffd8, 0x0000000089600000| 56%| E|  |TAMS 0x0000000089500000| PB 0x0000000089500000| Complete |  0
| 120|0x0000000089600000, 0x0000000089700000, 0x0000000089700000|100%| E|CS|TAMS 0x0000000089600000| PB 0x0000000089600000| Complete |  0
| 121|0x0000000089700000, 0x0000000089800000, 0x0000000089800000|100%| E|CS|TAMS 0x0000000089700000| PB 0x0000000089700000| Complete |  0
| 122|0x0000000089800000, 0x0000000089900000, 0x0000000089900000|100%| E|CS|TAMS 0x0000000089800000| PB 0x0000000089800000| Complete |  0
| 123|0x0000000089900000, 0x0000000089a00000, 0x0000000089a00000|100%| E|CS|TAMS 0x0000000089900000| PB 0x0000000089900000| Complete |  0
| 124|0x0000000089a00000, 0x0000000089b00000, 0x0000000089b00000|100%| E|CS|TAMS 0x0000000089a00000| PB 0x0000000089a00000| Complete |  0
| 125|0x0000000089b00000, 0x0000000089c00000, 0x0000000089c00000|100%| E|CS|TAMS 0x0000000089b00000| PB 0x0000000089b00000| Complete |  0
| 126|0x0000000089c00000, 0x0000000089d00000, 0x0000000089d00000|100%| E|CS|TAMS 0x0000000089c00000| PB 0x0000000089c00000| Complete |  0
| 127|0x0000000089d00000, 0x0000000089e00000, 0x0000000089e00000|100%| E|CS|TAMS 0x0000000089d00000| PB 0x0000000089d00000| Complete |  0
|2016|0x00000000ffe00000, 0x00000000fff00000, 0x00000000fff00000|100%| O|  |TAMS 0x00000000ffe00000| PB 0x00000000ffe00000| Untracked |  0
|2017|0x00000000fff00000, 0x00000000fff1c330, 0x0000000100000000| 11%| O|  |TAMS 0x00000000fff00000| PB 0x00000000fff00000| Untracked |  0

Card table byte_map: [0x000001b5343d0000,0x000001b5347d0000] _byte_map_base: 0x000001b533fc1000

Marking Bits: (CMBitMap*) 0x000001b51c447a00
 Bits: [0x000001b5347d0000, 0x000001b536758000)

Polling page: 0x000001b51a1d0000

Metaspace:

Usage:
  Non-class:      1.08 MB used.
      Class:     88.76 KB used.
       Both:      1.17 MB used.

Virtual space:
  Non-class space:       64.00 MB reserved,       1.12 MB (  2%) committed,  1 nodes.
      Class space:        1.00 GB reserved,     128.00 KB ( <1%) committed,  1 nodes.
             Both:        1.06 GB reserved,       1.25 MB ( <1%) committed. 

Chunk freelists:
   Non-Class:  11.75 MB
       Class:  15.72 MB
        Both:  27.47 MB

MaxMetaspaceSize: unlimited
CompressedClassSpaceSize: 1.00 GB
Initial GC threshold: 21.00 MB
Current GC threshold: 21.00 MB
CDS: on
 - commit_granule_bytes: 65536.
 - commit_granule_words: 8192.
 - virtual_space_node_default_size: 8388608.
 - enlarge_chunks_in_place: 1.
UseCompressedClassPointers 1, UseCompactObjectHeaders 0
Narrow klass pointer bits 32, Max shift 3
Narrow klass base: 0x000001b53a000000, Narrow klass shift: 0
Encoding Range: [0x000001b53a000000 - 0x000001b63a000000), (4294967296 bytes)
Klass Range:    [0x000001b53a000000 - 0x000001b57b000000), (1090519040 bytes)
Klass ID Range:  [8 - 1090519033) (1090519025)


Internal statistics:

num_allocs_failed_limit: 0.
num_arena_births: 12.
num_arena_deaths: 0.
num_vsnodes_births: 2.
num_vsnodes_deaths: 0.
num_space_committed: 20.
num_space_uncommitted: 0.
num_chunks_returned_to_freelist: 0.
num_chunks_taken_from_freelist: 36.
num_chunk_merges: 0.
num_chunk_splits: 16.
num_chunks_enlarged: 9.
num_inconsistent_stats: 0.

CodeHeap 'non-profiled nmethods': size=120064Kb used=105Kb max_used=105Kb free=119958Kb
 bounds [0x000001b52c760000, 0x000001b52c9d0000, 0x000001b533ca0000]
CodeHeap 'profiled nmethods': size=120000Kb used=445Kb max_used=445Kb free=119555Kb
 bounds [0x000001b524ca0000, 0x000001b524f10000, 0x000001b52c1d0000]
CodeHeap 'non-nmethods': size=5696Kb used=1242Kb max_used=1243Kb free=4453Kb
 bounds [0x000001b52c1d0000, 0x000001b52c440000, 0x000001b52c760000]
CodeCache: size=245760Kb, used=1792Kb, max_used=1793Kb, free=243966Kb
 total_blobs=791, nmethods=389, adapters=307, full_count=0
Compilation: enabled, stopped_count=0, restarted_count=0

Compilation events (20 events):
Event: 0.144 Thread 0x000001b53919cbf0  256       4       java.util.zip.ZipFile$Source::nextEntryPos (22 bytes)
Event: 0.145 Thread 0x000001b53919cbf0 nmethod 256 0x000001b52c773988 code [0x000001b52c773aa0, 0x000001b52c773be8]
Event: 0.148 Thread 0x000001b5391afa20  258       3       java.lang.StringLatin1::regionMatchesCI (45 bytes)
Event: 0.148 Thread 0x000001b5391afa20 nmethod 258 0x000001b524cdce08 code [0x000001b524cdcf40, 0x000001b524cdd1e8]
Event: 0.148 Thread 0x000001b5391afa20  260       3       java.io.RandomAccessFile::readFully (45 bytes)
Event: 0.149 Thread 0x000001b5391afa20 nmethod 260 0x000001b524cdd208 code [0x000001b524cdd380, 0x000001b524cdd868]
Event: 0.149 Thread 0x000001b5391afa20  262       3       java.util.HashMap::getNode (150 bytes)
Event: 0.150 Thread 0x000001b5391afa20 nmethod 262 0x000001b524cdd908 code [0x000001b524cddac0, 0x000001b524cde570]
Event: 0.150 Thread 0x000001b5391afa20  261       3       java.util.zip.ZipFile$Source::getEntryHash (7 bytes)
Event: 0.150 Thread 0x000001b53919cbf0  265       4       java.lang.AbstractStringBuilder::isLatin1 (19 bytes)
Event: 0.150 Thread 0x000001b5391afa20 nmethod 261 0x000001b524cde588 code [0x000001b524cde6a0, 0x000001b524cde7d8]
Event: 0.150 Thread 0x000001b5391afa20  263       3       java.lang.AbstractStringBuilder::newCapacity (59 bytes)
Event: 0.150 Thread 0x000001b5391afa20 nmethod 263 0x000001b524cde888 code [0x000001b524cde9e0, 0x000001b524cdeda8]
Event: 0.151 Thread 0x000001b5391afa20  264       3       java.util.AbstractCollection::<init> (5 bytes)
Event: 0.151 Thread 0x000001b5391afa20 nmethod 264 0x000001b524cdee08 code [0x000001b524cdef20, 0x000001b524cdf080]
Event: 0.151 Thread 0x000001b53919cbf0 nmethod 265 0x000001b52c773f88 code [0x000001b52c774080, 0x000001b52c774118]
Event: 0.151 Thread 0x000001b5391afa20  266       3       jdk.internal.ref.CleanerImpl::getCleanerImpl (13 bytes)
Event: 0.151 Thread 0x000001b5391afa20 nmethod 266 0x000001b524cdf108 code [0x000001b524cdf220, 0x000001b524cdf4c0]
Event: 0.151 Thread 0x000001b5391afa20  267       3       java.lang.ref.Cleaner$1::apply (9 bytes)
Event: 0.151 Thread 0x000001b5391afa20 nmethod 267 0x000001b524cdf508 code [0x000001b524cdf620, 0x000001b524cdf870]

GC Heap History (0 events):
No events

Dll operation events (8 events):
Event: 0.007 Loaded shared library C:\Users\sonaw\.jdks\openjdk-24.0.2\bin\java.dll
Event: 0.037 Loaded shared library C:\Users\sonaw\.jdks\openjdk-24.0.2\bin\jsvml.dll
Event: 0.041 Loaded shared library C:\Users\sonaw\.jdks\openjdk-24.0.2\bin\net.dll
Event: 0.043 Loaded shared library C:\Users\sonaw\.jdks\openjdk-24.0.2\bin\nio.dll
Event: 0.045 Loaded shared library C:\Users\sonaw\.jdks\openjdk-24.0.2\bin\zip.dll
Event: 0.106 Loaded shared library C:\Users\sonaw\.jdks\openjdk-24.0.2\bin\management.dll
Event: 0.108 Loaded shared library C:\Users\sonaw\.jdks\openjdk-24.0.2\bin\management_ext.dll
Event: 0.127 Loaded shared library C:\Users\sonaw\.jdks\openjdk-24.0.2\bin\jimage.dll

Deoptimization events (20 events):
Event: 0.132 Thread 0x000001b51a20eb40 DEOPT PACKING pc=0x000001b524cb2f18 sp=0x00000021d4bfe6a0
Event: 0.132 Thread 0x000001b51a20eb40 DEOPT UNPACKING pc=0x000001b52c225722 sp=0x00000021d4bfdb10 mode 0
Event: 0.133 Thread 0x000001b51a20eb40 DEOPT PACKING pc=0x000001b524cb2f18 sp=0x00000021d4bfe6a0
Event: 0.133 Thread 0x000001b51a20eb40 DEOPT UNPACKING pc=0x000001b52c225722 sp=0x00000021d4bfdb10 mode 0
Event: 0.133 Thread 0x000001b51a20eb40 DEOPT PACKING pc=0x000001b524cb2f18 sp=0x00000021d4bfe6a0
Event: 0.133 Thread 0x000001b51a20eb40 DEOPT UNPACKING pc=0x000001b52c225722 sp=0x00000021d4bfdb10 mode 0
Event: 0.133 Thread 0x000001b51a20eb40 DEOPT PACKING pc=0x000001b524cb2f18 sp=0x00000021d4bfe6a0
Event: 0.133 Thread 0x000001b51a20eb40 DEOPT UNPACKING pc=0x000001b52c225722 sp=0x00000021d4bfdb10 mode 0
Event: 0.133 Thread 0x000001b51a20eb40 DEOPT PACKING pc=0x000001b524cb2f18 sp=0x00000021d4bfe6a0
Event: 0.133 Thread 0x000001b51a20eb40 DEOPT UNPACKING pc=0x000001b52c225722 sp=0x00000021d4bfdb10 mode 0
Event: 0.133 Thread 0x000001b51a20eb40 DEOPT PACKING pc=0x000001b524cb2f18 sp=0x00000021d4bfe6a0
Event: 0.133 Thread 0x000001b51a20eb40 DEOPT UNPACKING pc=0x000001b52c225722 sp=0x00000021d4bfdb10 mode 0
Event: 0.133 Thread 0x000001b51a20eb40 DEOPT PACKING pc=0x000001b524cb2f18 sp=0x00000021d4bfe6a0
Event: 0.133 Thread 0x000001b51a20eb40 DEOPT UNPACKING pc=0x000001b52c225722 sp=0x00000021d4bfdb10 mode 0
Event: 0.134 Thread 0x000001b51a20eb40 DEOPT PACKING pc=0x000001b524cb2f18 sp=0x00000021d4bfe6a0
Event: 0.134 Thread 0x000001b51a20eb40 DEOPT UNPACKING pc=0x000001b52c225722 sp=0x00000021d4bfdb10 mode 0
Event: 0.135 Thread 0x000001b51a20eb40 DEOPT PACKING pc=0x000001b524cb2f18 sp=0x00000021d4bfe6a0
Event: 0.135 Thread 0x000001b51a20eb40 DEOPT UNPACKING pc=0x000001b52c225722 sp=0x00000021d4bfdb10 mode 0
Event: 0.135 Thread 0x000001b51a20eb40 DEOPT PACKING pc=0x000001b524cb2f18 sp=0x00000021d4bfe6a0
Event: 0.135 Thread 0x000001b51a20eb40 DEOPT UNPACKING pc=0x000001b52c225722 sp=0x00000021d4bfdb10 mode 0

Classes loaded (20 events):
Event: 0.114 Loading class java/lang/management/DefaultPlatformMBeanProvider$11
Event: 0.114 Loading class java/lang/management/DefaultPlatformMBeanProvider$11 done
Event: 0.114 Loading class jdk/management/jfr/FlightRecorderMXBean
Event: 0.114 Loading class jdk/management/jfr/FlightRecorderMXBean done
Event: 0.114 Loading class jdk/management/jfr/internal/FlightRecorderMXBeanProvider$SingleMBeanComponent
Event: 0.114 Loading class jdk/management/jfr/internal/FlightRecorderMXBeanProvider$SingleMBeanComponent done
Event: 0.114 Loading class java/util/Collections$SingletonList
Event: 0.114 Loading class java/util/Collections$SingletonList done
Event: 0.117 Loading class java/util/stream/ReduceOps$2
Event: 0.117 Loading class java/util/stream/ReduceOps$2 done
Event: 0.117 Loading class java/util/stream/ReduceOps$2ReducingSink
Event: 0.117 Loading class java/util/stream/ReduceOps$2ReducingSink done
Event: 0.117 Loading class sun/management/RuntimeImpl
Event: 0.117 Loading class sun/management/RuntimeImpl done
Event: 0.117 Loading class java/util/Collections$2
Event: 0.117 Loading class java/util/Collections$2 done
Event: 0.123 Loading class java/net/MalformedURLException
Event: 0.123 Loading class java/net/MalformedURLException done
Event: 0.130 Loading class jdk/internal/loader/URLClassPath$FileLoader
Event: 0.130 Loading class jdk/internal/loader/URLClassPath$FileLoader done

Classes unloaded (0 events):
No events

Classes redefined (0 events):
No events

Internal exceptions (1 events):
Event: 0.117 Thread 0x000001b51a20eb40 Exception <a 'java/lang/NoSuchMethodError'{0x0000000089a210a0}: 'int java.lang.invoke.DirectMethodHandle$Holder.invokeSpecial(java.lang.Object, java.lang.Object, java.lang.Object)'> (0x0000000089a210a0) 
thrown [s\open\src\hotspot\share\interpreter\linkResolver.cpp, line 805]

VM Operations (0 events):
No events

Memory protections (0 events):
No events

Nmethod flushes (0 events):
No events

Events (12 events):
Event: 0.025 Thread 0x000001b51a20eb40 Thread added: 0x000001b51a20eb40
Event: 0.035 Thread 0x000001b51a20eb40 Thread added: 0x000001b539195de0
Event: 0.035 Thread 0x000001b51a20eb40 Thread added: 0x000001b5391969e0
Event: 0.035 Thread 0x000001b51a20eb40 Thread added: 0x000001b539198720
Event: 0.035 Thread 0x000001b51a20eb40 Thread added: 0x000001b53919b260
Event: 0.035 Thread 0x000001b51a20eb40 Thread added: 0x000001b53919e130
Event: 0.035 Thread 0x000001b51a20eb40 Thread added: 0x000001b53919bd90
Event: 0.035 Thread 0x000001b51a20eb40 Thread added: 0x000001b53919cbf0
Event: 0.035 Thread 0x000001b51a20eb40 Thread added: 0x000001b5391afa20
Event: 0.038 Thread 0x000001b51a20eb40 Thread added: 0x000001b5392337d0
Event: 0.039 Thread 0x000001b51a20eb40 Thread added: 0x000001b539235140
Event: 0.137 Thread 0x000001b53919cbf0 Thread added: 0x000001b53941ec20


Dynamic libraries:
0x00007ff6a52c0000 - 0x00007ff6a52ce000 	C:\Users\sonaw\.jdks\openjdk-24.0.2\bin\java.exe
0x00007ffe57dd0000 - 0x00007ffe57fc8000 	C:\Windows\SYSTEM32\ntdll.dll
0x00007ffe56fc0000 - 0x00007ffe57082000 	C:\Windows\System32\KERNEL32.DLL
0x00007ffe554b0000 - 0x00007ffe557a6000 	C:\Windows\System32\KERNELBASE.dll
0x00007ffe55ab0000 - 0x00007ffe55bb0000 	C:\Windows\System32\ucrtbase.dll
0x00007ffe4e070000 - 0x00007ffe4e08b000 	C:\Users\sonaw\.jdks\openjdk-24.0.2\bin\VCRUNTIME140.dll
0x00007ffe526c0000 - 0x00007ffe526d6000 	C:\Users\sonaw\.jdks\openjdk-24.0.2\bin\jli.dll
0x00007ffe569c0000 - 0x00007ffe56b61000 	C:\Windows\System32\USER32.dll
0x00007ffe2e5d0000 - 0x00007ffe2e86b000 	C:\Windows\WinSxS\amd64_microsoft.windows.common-controls_6595b64144ccf1df_6.0.19041.6456_none_60b8a6cb71f64256\COMCTL32.dll
0x00007ffe55d20000 - 0x00007ffe55d42000 	C:\Windows\System32\win32u.dll
0x00007ffe57090000 - 0x00007ffe5712e000 	C:\Windows\System32\msvcrt.dll
0x00007ffe56dd0000 - 0x00007ffe56dfb000 	C:\Windows\System32\GDI32.dll
0x00007ffe55990000 - 0x00007ffe55aa9000 	C:\Windows\System32\gdi32full.dll
0x00007ffe55d50000 - 0x00007ffe55ded000 	C:\Windows\System32\msvcp_win.dll
0x00007ffe567f0000 - 0x00007ffe5681f000 	C:\Windows\System32\IMM32.DLL
0x00007ffe51930000 - 0x00007ffe5193c000 	C:\Users\sonaw\.jdks\openjdk-24.0.2\bin\vcruntime140_1.dll
0x00007ffe45780000 - 0x00007ffe4580e000 	C:\Users\sonaw\.jdks\openjdk-24.0.2\bin\msvcp140.dll
0x00007ffdda8a0000 - 0x00007ffddb641000 	C:\Users\sonaw\.jdks\openjdk-24.0.2\bin\server\jvm.dll
0x00007ffe56f00000 - 0x00007ffe56fb1000 	C:\Windows\System32\ADVAPI32.dll
0x00007ffe56920000 - 0x00007ffe569bf000 	C:\Windows\System32\sechost.dll
0x00007ffe57250000 - 0x00007ffe57370000 	C:\Windows\System32\RPCRT4.dll
0x00007ffe55c60000 - 0x00007ffe55c87000 	C:\Windows\System32\bcrypt.dll
0x00007ffe56e90000 - 0x00007ffe56efb000 	C:\Windows\System32\WS2_32.dll
0x00007ffe552c0000 - 0x00007ffe5530b000 	C:\Windows\SYSTEM32\POWRPROF.dll
0x00007ffe495b0000 - 0x00007ffe495d7000 	C:\Windows\SYSTEM32\WINMM.dll
0x00007ffe50b10000 - 0x00007ffe50b1a000 	C:\Windows\SYSTEM32\VERSION.dll
0x00007ffe552a0000 - 0x00007ffe552b2000 	C:\Windows\SYSTEM32\UMPDC.dll
0x00007ffe53cc0000 - 0x00007ffe53cd2000 	C:\Windows\SYSTEM32\kernel.appcore.dll
0x00007ffe517e0000 - 0x00007ffe517ea000 	C:\Users\sonaw\.jdks\openjdk-24.0.2\bin\jimage.dll
0x00007ffe53a30000 - 0x00007ffe53c31000 	C:\Windows\SYSTEM32\DBGHELP.DLL
0x00007ffe46d10000 - 0x00007ffe46d44000 	C:\Windows\SYSTEM32\dbgcore.DLL
0x00007ffe55c90000 - 0x00007ffe55d12000 	C:\Windows\System32\bcryptPrimitives.dll
0x00007ffe4bb80000 - 0x00007ffe4bb9e000 	C:\Users\sonaw\.jdks\openjdk-24.0.2\bin\java.dll
0x00007ffe576e0000 - 0x00007ffe5780b000 	C:\Windows\System32\ole32.dll
0x00007ffe57380000 - 0x00007ffe576d4000 	C:\Windows\System32\combase.dll
0x00007ffe55e50000 - 0x00007ffe565c0000 	C:\Windows\System32\SHELL32.dll
0x00007ffe53280000 - 0x00007ffe53a25000 	C:\Windows\SYSTEM32\windows.storage.dll
0x00007ffe54db0000 - 0x00007ffe54ddb000 	C:\Windows\SYSTEM32\Wldp.dll
0x00007ffe56720000 - 0x00007ffe567ed000 	C:\Windows\System32\OLEAUT32.dll
0x00007ffe57ce0000 - 0x00007ffe57d8d000 	C:\Windows\System32\SHCORE.dll
0x00007ffe57c80000 - 0x00007ffe57cdb000 	C:\Windows\System32\shlwapi.dll
0x00007ffe55390000 - 0x00007ffe553b4000 	C:\Windows\SYSTEM32\profapi.dll
0x00007ffe38e60000 - 0x00007ffe38f37000 	C:\Users\sonaw\.jdks\openjdk-24.0.2\bin\jsvml.dll
0x00007ffe4d7f0000 - 0x00007ffe4d800000 	C:\Users\sonaw\.jdks\openjdk-24.0.2\bin\net.dll
0x00007ffe54b10000 - 0x00007ffe54b7a000 	C:\Windows\system32\mswsock.dll
0x00007ffe4bb20000 - 0x00007ffe4bb36000 	C:\Users\sonaw\.jdks\openjdk-24.0.2\bin\nio.dll
0x00007ffe4bb00000 - 0x00007ffe4bb17000 	C:\Users\sonaw\.jdks\openjdk-24.0.2\bin\zip.dll
0x00007ffe4af20000 - 0x00007ffe4af2a000 	C:\Users\sonaw\.jdks\openjdk-24.0.2\bin\management.dll
0x00007ffe4af10000 - 0x00007ffe4af1b000 	C:\Users\sonaw\.jdks\openjdk-24.0.2\bin\management_ext.dll
0x00007ffe56890000 - 0x00007ffe56898000 	C:\Windows\System32\PSAPI.DLL

JVMTI agents: none

dbghelp: loaded successfully - version: 4.0.5 - missing functions: none
symbol engine: initialized successfully - sym options: 0x614 - pdb path: .;C:\Users\sonaw\.jdks\openjdk-24.0.2\bin;C:\Windows\SYSTEM32;C:\Windows\WinSxS\amd64_microsoft.windows.common-controls_6595b64144ccf1df_6.0.19041.6456_none_60b8a6cb71f64256;C:\Users\sonaw\.jdks\openjdk-24.0.2\bin\server

VM Arguments:
java_command: C:\Users\sonaw\AppData\Local\Temp\surefire8160099227916047722\surefirebooter-20260406230030667_3.jar C:\Users\sonaw\AppData\Local\Temp\surefire8160099227916047722 2026-04-06T23-00-28_318-jvmRun1 surefire-20260406230030667_1tmp surefire_0-20260406230030667_2tmp
java_class_path (initial): C:\Users\sonaw\AppData\Local\Temp\surefire8160099227916047722\surefirebooter-20260406230030667_3.jar
Launcher Type: SUN_STANDARD

[Global flags]
     intx CICompilerCount                          = 4                                         {product} {ergonomic}
     uint ConcGCThreads                            = 2                                         {product} {ergonomic}
     uint G1ConcRefinementThreads                  = 8                                         {product} {ergonomic}
   size_t G1HeapRegionSize                         = 1048576                                   {product} {ergonomic}
   size_t InitialHeapSize                          = 134217728                                 {product} {ergonomic}
   size_t MarkStackSize                            = 4194304                                   {product} {ergonomic}
   size_t MarkStackSizeMax                         = 536870912                                 {product} {ergonomic}
   size_t MaxHeapSize                              = 2116026368                                {product} {ergonomic}
   size_t MaxNewSize                               = 1268776960                                {product} {ergonomic}
   size_t MinHeapDeltaBytes                        = 1048576                                   {product} {ergonomic}
   size_t MinHeapSize                              = 8388608                                   {product} {ergonomic}
    uintx NonNMethodCodeHeapSize                   = 5832704                                {pd product} {ergonomic}
    uintx NonProfiledCodeHeapSize                  = 122945536                              {pd product} {ergonomic}
    uintx ProfiledCodeHeapSize                     = 122880000                              {pd product} {ergonomic}
    uintx ReservedCodeCacheSize                    = 251658240                              {pd product} {ergonomic}
     bool SegmentedCodeCache                       = true                                      {product} {ergonomic}
   size_t SoftMaxHeapSize                          = 2116026368                             {manageable} {ergonomic}
     bool UseCompressedOops                        = true                           {product lp64_product} {ergonomic}
     bool UseG1GC                                  = true                                      {product} {ergonomic}
     bool UseLargePagesIndividualAllocation        = false                                  {pd product} {ergonomic}

Logging:
Log output configuration:
 #0: stdout all=warning uptime,level,tags foldmultilines=false
 #1: stderr all=off uptime,level,tags foldmultilines=false

Environment Variables:
JAVA_HOME=C:\Program Files\Java\jdk-23
PATH=C:\Users\sonaw\AppData\Local\Microsoft\WindowsApps;C:\Program Files\Java\jdk-23\bin;D:\Microsoft VS Code\bin;C:\Users\sonaw\AppData\Roaming\npm;C:\Program Files\nodejs;C:\Users\sonaw\AppData\Local\Programs\mongosh\;C:\Users\sonaw\Downloads\scala3-3.5.2-x86_64-pc-win32\scala3-3.5.2-x86_64-pc-win32\bin;C:\Program Files\Git\cmd;C:\Users\sonaw\AppData\Roaming\Microsoft\Windows\Start Menu\Programs\Python 3.13;C:\Windows\System32;D:\Downloads;C:\flutter\bin;C:\Windows\System32\WindowsPowerShell\v1.0\;C:\Users\sonaw\AppData\Local\Programs\Python\Python313;D:\ffmpeg-7.1.1-essentials_build\bin;D:\flutter\bin;D:\;C:\Program Files\PostgreSQL\17\bin;C:\Program Files\Maven\apache-maven-3.9.9\bin;C:\Program Files\Microsoft SQL Server\170\Tools\Binn\;C:\Program Files\Microsoft SQL Server\150\Tools\Binn\;C:\Program Files\Microsoft SQL Server\Client SDK\ODBC\170\Tools\Binn\;C:\Program Files\dotnet\;C:\Users\sonaw\AppData\Local\Programs\Python\Python311\Scripts\;C:\Users\sonaw\AppData\Local\Programs\Python\Python311\;C:\Users\sonaw\AppData\Local\Programs\Python\Launcher\;C:\Users\sonaw\AppData\Local\Microsoft\WindowsApps;C:\Program Files\Java\jdk-23\bin;D:\Microsoft VS Code\bin;C:\Program Files\nodejs;C:\Users\sonaw\Downloads\scala3-3.5.2-x86_64-pc-win32\scala3-3.5.2-x86_64-pc-win32\bin;C:\Users\sonaw\AppData\Roaming\Microsoft\Windows\Start Menu\Programs\Python 3.13;D:\Downloads\IntelliJ IDEA Community Edition 2024.3.2\bin;;C:\Users\sonaw\AppData\Local\GitHubDesktop\bin;C:\Users\sonaw\AppData\Roaming\npm;D:\node_modules\npm\bin;C:\Users\sonaw\.dotnet\tools;D:\Antigravity\bin
USERNAME=sonaw
OS=Windows_NT
PROCESSOR_IDENTIFIER=Intel64 Family 6 Model 142 Stepping 11, GenuineIntel
TMP=C:\Users\sonaw\AppData\Local\Temp
TEMP=C:\Users\sonaw\AppData\Local\Temp




Periodic native trim disabled

---------------  S Y S T E M  ---------------

OS:
 Windows 10 , 64 bit Build 19041 (10.0.19041.5915)
OS uptime: 1 days 14:51 hours

CPU: total 8 (initial active 8) (4 cores per cpu, 2 threads per core) family 6 model 142 stepping 11 microcode 0xf6, cx8, cmov, fxsr, ht, mmx, 3dnowpref, sse, sse2, sse3, ssse3, sse4.1, sse4.2, popcnt, lzcnt, tsc, tscinvbit, avx, avx2, aes, erms, clmul, bmi1, bmi2, adx, fma, vzeroupper, clflush, clflushopt, rdtscp, f16c
Processor Information for the first 8 processors :
  Max Mhz: 1800, Current Mhz: 1600, Mhz Limit: 1584

Memory: 4k page, system-wide physical 8067M (498M free)
TotalPageFile size 20488M (AvailPageFile size 69M)
current process WorkingSet (physical memory assigned to process): 53M, peak: 53M
current process commit charge ("private bytes"): 219M, peak: 219M

vm_info: OpenJDK 64-Bit Server VM (24.0.2+12-54) for windows-amd64 JRE (24.0.2+12-54), built on 2025-07-08T12:10:27Z with MS VC++ 17.6 (VS2022)

END.
