#
# There is insufficient memory for the Java Runtime Environment to continue.
# Native memory allocation (malloc) failed to allocate 1048576 bytes. Error detail: AllocateHeap
# Possible reasons:
#   The system is out of physical RAM or swap space
#   This process is running with CompressedOops enabled, and the Java Heap may be blocking the growth of the native heap
# Possible solutions:
#   Reduce memory load on the system
#   Increase physical memory or swap space
#   Check if swap backing store is full
#   Decrease Java heap size (-Xmx/-Xms)
#   Decrease number of Java threads
#   Decrease Java thread stack sizes (-Xss)
#   Set larger code cache with -XX:ReservedCodeCacheSize=
#   JVM is running with Unscaled Compressed Oops mode in which the Java heap is
#     placed in the first 4GB address space. The Java Heap base address is the
#     maximum limit for the native heap growth. Please use -XX:HeapBaseMinAddress
#     to set the Java Heap base and to place the Java Heap above 4GB virtual address.
# This output file may be truncated or incomplete.
#
#  Out of Memory Error (allocation.cpp:44), pid=28572, tid=17092
#
# JRE version: OpenJDK Runtime Environment (24.0.2+12) (build 24.0.2+12-54)
# Java VM: OpenJDK 64-Bit Server VM (24.0.2+12-54, mixed mode, sharing, tiered, compressed oops, compressed class ptrs, g1 gc, windows-amd64)
# No core dump will be written. Minidumps are not enabled by default on client versions of Windows
#

---------------  S U M M A R Y ------------

Command Line: C:\Users\sonaw\AppData\Local\Temp\surefire180633786338301435\surefirebooter-20260406230133577_3.jar C:\Users\sonaw\AppData\Local\Temp\surefire180633786338301435 2026-04-06T23-01-33_416-jvmRun1 surefire-20260406230133577_1tmp surefire_0-20260406230133577_2tmp

Host: Intel(R) Core(TM) i5-8265U CPU @ 1.60GHz, 8 cores, 7G,  Windows 10 , 64 bit Build 19041 (10.0.19041.5915)
Time: Mon Apr  6 23:02:22 2026 India Standard Time elapsed time: 49.090092 seconds (0d 0h 0m 49s)

---------------  T H R E A D  ---------------

Current thread (0x0000016bc2dbb780):  JavaThread "Attach Listener" daemon [_thread_in_vm, id=17092, stack(0x0000005737d00000,0x0000005737e00000) (1024K)]

Stack: [0x0000005737d00000,0x0000005737e00000]
Native frames: (J=compiled Java code, j=interpreted, Vv=VM code, C=native code)
V  [jvm.dll+0x730829]  (no source info available)
V  [jvm.dll+0x8d9da3]  (no source info available)
V  [jvm.dll+0x8dc28d]  (no source info available)
V  [jvm.dll+0x8dc903]  (no source info available)
V  [jvm.dll+0x2a9f56]  (no source info available)
V  [jvm.dll+0xbea27]  (no source info available)
V  [jvm.dll+0x73113f]  (no source info available)
V  [jvm.dll+0x14dd46]  (no source info available)
V  [jvm.dll+0x42f396]  (no source info available)
V  [jvm.dll+0x87d9eb]  (no source info available)
V  [jvm.dll+0x72ef45]  (no source info available)
C  [ucrtbase.dll+0x21bb2]  (no source info available)
C  [KERNEL32.DLL+0x17374]  (no source info available)
C  [ntdll.dll+0x4cc91]  (no source info available)

Lock stack of current Java thread (top to bottom):


---------------  P R O C E S S  ---------------

Threads class SMR info:
_java_thread_list=0x0000016c092f7690, length=17, elements={
0x0000016ba601d7c0, 0x0000016bc2db54f0, 0x0000016bc2db5ff0, 0x0000016bc2dbac50,
0x0000016bc2dbb780, 0x0000016bc2dbc530, 0x0000016bc2dbd060, 0x0000016bc2dc06e0,
0x0000016bc2dc3670, 0x0000016c08038150, 0x0000016c08062810, 0x0000016c0838a1f0,
0x0000016c083fe040, 0x0000016c0c3abc40, 0x0000016c0c3ac390, 0x0000016c0af82360,
0x0000016c0a025610
}

Java Threads: ( => current thread )
  0x0000016ba601d7c0 JavaThread "main"                              [_thread_in_native, id=9352, stack(0x0000005737200000,0x0000005737300000) (1024K)]
  0x0000016bc2db54f0 JavaThread "Reference Handler"          daemon [_thread_blocked, id=16376, stack(0x0000005737a00000,0x0000005737b00000) (1024K)]
  0x0000016bc2db5ff0 JavaThread "Finalizer"                  daemon [_thread_blocked, id=5744, stack(0x0000005737b00000,0x0000005737c00000) (1024K)]
  0x0000016bc2dbac50 JavaThread "Signal Dispatcher"          daemon [_thread_blocked, id=15728, stack(0x0000005737c00000,0x0000005737d00000) (1024K)]
=>0x0000016bc2dbb780 JavaThread "Attach Listener"            daemon [_thread_in_vm, id=17092, stack(0x0000005737d00000,0x0000005737e00000) (1024K)]
  0x0000016bc2dbc530 JavaThread "Service Thread"             daemon [_thread_blocked, id=11084, stack(0x0000005737e00000,0x0000005737f00000) (1024K)]
  0x0000016bc2dbd060 JavaThread "Monitor Deflation Thread"   daemon [_thread_blocked, id=25540, stack(0x0000005737f00000,0x0000005738000000) (1024K)]
  0x0000016bc2dc06e0 JavaThread "C2 CompilerThread0"         daemon [_thread_blocked, id=23140, stack(0x0000005738000000,0x0000005738100000) (1024K)]
  0x0000016bc2dc3670 JavaThread "C1 CompilerThread0"         daemon [_thread_blocked, id=29868, stack(0x0000005738100000,0x0000005738200000) (1024K)]
  0x0000016c08038150 JavaThread "Notification Thread"        daemon [_thread_blocked, id=7624, stack(0x0000005738200000,0x0000005738300000) (1024K)]
  0x0000016c08062810 JavaThread "Common-Cleaner"             daemon [_thread_blocked, id=28004, stack(0x0000005738300000,0x0000005738400000) (1024K)]
  0x0000016c0838a1f0 JavaThread "surefire-forkedjvm-stream-flusher" daemon [_thread_blocked, id=6728, stack(0x0000005738500000,0x0000005738600000) (1024K)]
  0x0000016c083fe040 JavaThread "surefire-forkedjvm-command-thread" daemon [_thread_in_native, id=27420, stack(0x0000005738600000,0x0000005738700000) (1024K)]
  0x0000016c0c3abc40 JavaThread "mysql-cj-abandoned-connection-cleanup" daemon [_thread_blocked, id=14072, stack(0x0000005738d00000,0x0000005738e00000) (1024K)]
  0x0000016c0c3ac390 JavaThread "HikariPool-1 housekeeper"   daemon [_thread_blocked, id=23956, stack(0x0000005738400000,0x0000005738500000) (1024K)]
  0x0000016c0af82360 JavaThread "C2 CompilerThread1"         daemon [_thread_blocked, id=232, stack(0x0000005738e00000,0x0000005738f00000) (1024K)]
  0x0000016c0a025610 JavaThread "C2 CompilerThread2"         daemon [_thread_blocked, id=2944, stack(0x0000005739200000,0x0000005739300000) (1024K)]
Total: 17

Other Threads:
  0x0000016bc2da4e30 VMThread "VM Thread"                           [id=17792, stack(0x0000005737900000,0x0000005737a00000) (1024K)]
  0x0000016bc2d94300 WatcherThread "VM Periodic Task Thread"        [id=14128, stack(0x0000005737800000,0x0000005737900000) (1024K)]
  0x0000016ba6077b30 WorkerThread "GC Thread#0"                     [id=24444, stack(0x0000005737300000,0x0000005737400000) (1024K)]
  0x0000016c0948b3a0 WorkerThread "GC Thread#1"                     [id=7676, stack(0x0000005738700000,0x0000005738800000) (1024K)]
  0x0000016c09171030 WorkerThread "GC Thread#2"                     [id=20524, stack(0x0000005738800000,0x0000005738900000) (1024K)]
  0x0000016c091717f0 WorkerThread "GC Thread#3"                     [id=6888, stack(0x0000005738900000,0x0000005738a00000) (1024K)]
  0x0000016c09341710 WorkerThread "GC Thread#4"                     [id=17964, stack(0x0000005738a00000,0x0000005738b00000) (1024K)]
  0x0000016c09341ac0 WorkerThread "GC Thread#5"                     [id=22412, stack(0x0000005738b00000,0x0000005738c00000) (1024K)]
  0x0000016c09341e70 WorkerThread "GC Thread#6"                     [id=13812, stack(0x0000005738c00000,0x0000005738d00000) (1024K)]
  0x0000016c0a234b70 WorkerThread "GC Thread#7"                     [id=30176, stack(0x0000005738f00000,0x0000005739000000) (1024K)]
  0x0000016ba608c850 ConcurrentGCThread "G1 Main Marker"            [id=28676, stack(0x0000005737400000,0x0000005737500000) (1024K)]
  0x0000016ba608d360 WorkerThread "G1 Conc#0"                       [id=31712, stack(0x0000005737500000,0x0000005737600000) (1024K)]
  0x0000016c0a235680 WorkerThread "G1 Conc#1"                       [id=26128, stack(0x0000005739000000,0x0000005739100000) (1024K)]
  0x0000016ba60ee520 ConcurrentGCThread "G1 Refine#0"               [id=30932, stack(0x0000005737600000,0x0000005737700000) (1024K)]
  0x0000016bc2c5b280 ConcurrentGCThread "G1 Service"                [id=22420, stack(0x0000005737700000,0x0000005737800000) (1024K)]
Total: 15

Threads with active compile tasks:
Total: 0

VM state: not at safepoint (normal execution)

VM Mutex/Monitor currently owned by a thread: None

Heap address: 0x0000000081e00000, size: 2018 MB, Compressed Oops mode: 32-bit

CDS archive(s) mapped at: [0x0000016bc3000000-0x0000016bc3d40000-0x0000016bc3d40000), size 13893632, SharedBaseAddress: 0x0000016bc3000000, ArchiveRelocationMode: 1.
Compressed class space mapped at: 0x0000016bc4000000-0x0000016c04000000, reserved size: 1073741824
UseCompressedClassPointers 1, UseCompactObjectHeaders 0
Narrow klass pointer bits 32, Max shift 3
Narrow klass base: 0x0000016bc3000000, Narrow klass shift: 0
Encoding Range: [0x0000016bc3000000 - 0x0000016cc3000000), (4294967296 bytes)
Klass Range:    [0x0000016bc3000000 - 0x0000016c04000000), (1090519040 bytes)
Klass ID Range:  [8 - 1090519033) (1090519025)

GC Precious Log:
 CardTable entry size: 512
 Card Set container configuration: InlinePtr #cards 5 size 8 Array Of Cards #cards 10 size 36 Howl #buckets 4 coarsen threshold 1843 Howl Bitmap #cards 512 size 80 coarsen threshold 460 Card regions per heap region 1 cards per card region 2048
 CPUs: 8 total, 8 available
 Memory: 8067M
 Large Page Support: Disabled
 NUMA Support: Disabled
 Compressed Oops: Enabled (32-bit)
 Heap Region Size: 1M
 Heap Min Capacity: 8M
 Heap Initial Capacity: 128M
 Heap Max Capacity: 2018M
 Pre-touch: Disabled
 Parallel Workers: 8
 Concurrent Workers: 2
 Concurrent Refinement Workers: 8
 Periodic GC: Disabled

Heap:
 garbage-first heap   total reserved 2066432K, committed 116736K, used 54699K [0x0000000081e00000, 0x0000000100000000)
  region size 1024K, 8 young (8192K), 3 survivors (3072K)
 Metaspace       used 80394K, committed 81088K, reserved 1179648K
  class space    used 8769K, committed 9088K, reserved 1048576K

Heap Regions: E=young(eden), S=young(survivor), O=old, HS=humongous(starts), HC=humongous(continues), CS=collection set, F=free, TAMS=top-at-mark-start, PB=parsable bottom
|   0|0x0000000081e00000, 0x0000000081f00000, 0x0000000081f00000|100%|HS|  |TAMS 0x0000000081e00000| PB 0x0000000081e00000| Complete |  0
|   1|0x0000000081f00000, 0x0000000082000000, 0x0000000082000000|100%| O|  |TAMS 0x0000000081f00000| PB 0x0000000081f00000| Untracked |  0
|   2|0x0000000082000000, 0x0000000082100000, 0x0000000082100000|100%| O|  |TAMS 0x0000000082000000| PB 0x0000000082000000| Untracked |  0
|   3|0x0000000082100000, 0x0000000082200000, 0x0000000082200000|100%| O|  |TAMS 0x0000000082100000| PB 0x0000000082100000| Untracked |  0
|   4|0x0000000082200000, 0x0000000082300000, 0x0000000082300000|100%| O|  |TAMS 0x0000000082200000| PB 0x0000000082200000| Untracked |  0
|   5|0x0000000082300000, 0x0000000082400000, 0x0000000082400000|100%| O|  |TAMS 0x0000000082300000| PB 0x0000000082300000| Untracked |  0
|   6|0x0000000082400000, 0x0000000082500000, 0x0000000082500000|100%| O|  |TAMS 0x0000000082400000| PB 0x0000000082400000| Untracked |  0
|   7|0x0000000082500000, 0x0000000082600000, 0x0000000082600000|100%| O|  |TAMS 0x0000000082500000| PB 0x0000000082500000| Untracked |  0
|   8|0x0000000082600000, 0x0000000082700000, 0x0000000082700000|100%| O|  |TAMS 0x0000000082600000| PB 0x0000000082600000| Untracked |  0
|   9|0x0000000082700000, 0x0000000082800000, 0x0000000082800000|100%| O|  |TAMS 0x0000000082700000| PB 0x0000000082700000| Untracked |  0
|  10|0x0000000082800000, 0x0000000082900000, 0x0000000082900000|100%| O|  |TAMS 0x0000000082800000| PB 0x0000000082800000| Untracked |  0
|  11|0x0000000082900000, 0x0000000082a00000, 0x0000000082a00000|100%| O|  |TAMS 0x0000000082900000| PB 0x0000000082900000| Untracked |  0
|  12|0x0000000082a00000, 0x0000000082b00000, 0x0000000082b00000|100%| O|  |TAMS 0x0000000082a00000| PB 0x0000000082a00000| Untracked |  0
|  13|0x0000000082b00000, 0x0000000082c00000, 0x0000000082c00000|100%| O|  |TAMS 0x0000000082b00000| PB 0x0000000082b00000| Untracked |  0
|  14|0x0000000082c00000, 0x0000000082d00000, 0x0000000082d00000|100%| O|  |TAMS 0x0000000082c00000| PB 0x0000000082c00000| Untracked |  0
|  15|0x0000000082d00000, 0x0000000082e00000, 0x0000000082e00000|100%| O|  |TAMS 0x0000000082d00000| PB 0x0000000082d00000| Untracked |  0
|  16|0x0000000082e00000, 0x0000000082f00000, 0x0000000082f00000|100%| O|Cm|TAMS 0x0000000082e00000| PB 0x0000000082e00000| Complete |  0
|  17|0x0000000082f00000, 0x0000000083000000, 0x0000000083000000|100%| O|  |TAMS 0x0000000082f00000| PB 0x0000000082f00000| Untracked |  0
|  18|0x0000000083000000, 0x0000000083100000, 0x0000000083100000|100%| O|  |TAMS 0x0000000083000000| PB 0x0000000083000000| Untracked |  0
|  19|0x0000000083100000, 0x0000000083200000, 0x0000000083200000|100%| O|  |TAMS 0x0000000083100000| PB 0x0000000083100000| Untracked |  0
|  20|0x0000000083200000, 0x0000000083300000, 0x0000000083300000|100%| O|  |TAMS 0x0000000083200000| PB 0x0000000083200000| Untracked |  0
|  21|0x0000000083300000, 0x0000000083400000, 0x0000000083400000|100%| O|  |TAMS 0x0000000083300000| PB 0x0000000083300000| Untracked |  0
|  22|0x0000000083400000, 0x0000000083500000, 0x0000000083500000|100%| O|  |TAMS 0x0000000083400000| PB 0x0000000083400000| Untracked |  0
|  23|0x0000000083500000, 0x0000000083600000, 0x0000000083600000|100%| O|  |TAMS 0x0000000083500000| PB 0x0000000083500000| Untracked |  0
|  24|0x0000000083600000, 0x0000000083700000, 0x0000000083700000|100%| O|  |TAMS 0x0000000083600000| PB 0x0000000083600000| Untracked |  0
|  25|0x0000000083700000, 0x0000000083800000, 0x0000000083800000|100%| O|  |TAMS 0x0000000083700000| PB 0x0000000083700000| Untracked |  0
|  26|0x0000000083800000, 0x0000000083900000, 0x0000000083900000|100%| O|  |TAMS 0x0000000083800000| PB 0x0000000083800000| Untracked |  0
|  27|0x0000000083900000, 0x0000000083a00000, 0x0000000083a00000|100%| O|  |TAMS 0x0000000083900000| PB 0x0000000083900000| Untracked |  0
|  28|0x0000000083a00000, 0x0000000083b00000, 0x0000000083b00000|100%| O|  |TAMS 0x0000000083a00000| PB 0x0000000083a00000| Untracked |  0
|  29|0x0000000083b00000, 0x0000000083c00000, 0x0000000083c00000|100%| O|  |TAMS 0x0000000083b00000| PB 0x0000000083b00000| Untracked |  0
|  30|0x0000000083c00000, 0x0000000083d00000, 0x0000000083d00000|100%| O|  |TAMS 0x0000000083c00000| PB 0x0000000083c00000| Untracked |  0
|  31|0x0000000083d00000, 0x0000000083e00000, 0x0000000083e00000|100%| O|  |TAMS 0x0000000083d00000| PB 0x0000000083d00000| Untracked |  0
|  32|0x0000000083e00000, 0x0000000083f00000, 0x0000000083f00000|100%| O|  |TAMS 0x0000000083e00000| PB 0x0000000083e00000| Untracked |  0
|  33|0x0000000083f00000, 0x0000000084000000, 0x0000000084000000|100%| O|  |TAMS 0x0000000083f00000| PB 0x0000000083f00000| Untracked |  0
|  34|0x0000000084000000, 0x0000000084100000, 0x0000000084100000|100%| O|  |TAMS 0x0000000084000000| PB 0x0000000084000000| Untracked |  0
|  35|0x0000000084100000, 0x0000000084200000, 0x0000000084200000|100%| O|  |TAMS 0x0000000084100000| PB 0x0000000084100000| Untracked |  0
|  36|0x0000000084200000, 0x0000000084300000, 0x0000000084300000|100%| O|  |TAMS 0x0000000084200000| PB 0x0000000084200000| Untracked |  0
|  37|0x0000000084300000, 0x0000000084400000, 0x0000000084400000|100%| O|  |TAMS 0x0000000084300000| PB 0x0000000084300000| Untracked |  0
|  38|0x0000000084400000, 0x0000000084500000, 0x0000000084500000|100%| O|  |TAMS 0x0000000084400000| PB 0x0000000084400000| Untracked |  0
|  39|0x0000000084500000, 0x0000000084600000, 0x0000000084600000|100%| O|  |TAMS 0x0000000084500000| PB 0x0000000084500000| Untracked |  0
|  40|0x0000000084600000, 0x0000000084700000, 0x0000000084700000|100%| O|  |TAMS 0x0000000084600000| PB 0x0000000084600000| Untracked |  0
|  41|0x0000000084700000, 0x0000000084800000, 0x0000000084800000|100%| O|  |TAMS 0x0000000084700000| PB 0x0000000084700000| Untracked |  0
|  42|0x0000000084800000, 0x0000000084900000, 0x0000000084900000|100%| O|  |TAMS 0x0000000084800000| PB 0x0000000084800000| Untracked |  0
|  43|0x0000000084900000, 0x000000008496aee0, 0x0000000084a00000| 41%| O|  |TAMS 0x0000000084900000| PB 0x0000000084900000| Untracked |  0
|  44|0x0000000084a00000, 0x0000000084a00000, 0x0000000084b00000|  0%| F|  |TAMS 0x0000000084a00000| PB 0x0000000084a00000| Untracked |  0
|  45|0x0000000084b00000, 0x0000000084c00000, 0x0000000084c00000|100%| O|  |TAMS 0x0000000084b00000| PB 0x0000000084b00000| Untracked |  0
|  46|0x0000000084c00000, 0x0000000084d00000, 0x0000000084d00000|100%| O|  |TAMS 0x0000000084c00000| PB 0x0000000084c00000| Untracked |  0
|  47|0x0000000084d00000, 0x0000000084d00000, 0x0000000084e00000|  0%| F|  |TAMS 0x0000000084d00000| PB 0x0000000084d00000| Untracked |  0
|  48|0x0000000084e00000, 0x0000000084f00000, 0x0000000084f00000|100%| S|CS|TAMS 0x0000000084e00000| PB 0x0000000084e00000| Complete |  0
|  49|0x0000000084f00000, 0x0000000085000000, 0x0000000085000000|100%| S|CS|TAMS 0x0000000084f00000| PB 0x0000000084f00000| Complete |  0
|  50|0x0000000085000000, 0x0000000085100000, 0x0000000085100000|100%| S|CS|TAMS 0x0000000085000000| PB 0x0000000085000000| Complete |  0
|  51|0x0000000085100000, 0x0000000085100000, 0x0000000085200000|  0%| F|  |TAMS 0x0000000085100000| PB 0x0000000085100000| Untracked |  0
|  52|0x0000000085200000, 0x0000000085200000, 0x0000000085300000|  0%| F|  |TAMS 0x0000000085200000| PB 0x0000000085200000| Untracked |  0
|  53|0x0000000085300000, 0x0000000085300000, 0x0000000085400000|  0%| F|  |TAMS 0x0000000085300000| PB 0x0000000085300000| Untracked |  0
|  54|0x0000000085400000, 0x0000000085400000, 0x0000000085500000|  0%| F|  |TAMS 0x0000000085400000| PB 0x0000000085400000| Untracked |  0
|  55|0x0000000085500000, 0x0000000085500000, 0x0000000085600000|  0%| F|  |TAMS 0x0000000085500000| PB 0x0000000085500000| Untracked |  0
|  56|0x0000000085600000, 0x0000000085600000, 0x0000000085700000|  0%| F|  |TAMS 0x0000000085600000| PB 0x0000000085600000| Untracked |  0
|  57|0x0000000085700000, 0x0000000085700000, 0x0000000085800000|  0%| F|  |TAMS 0x0000000085700000| PB 0x0000000085700000| Untracked |  0
|  58|0x0000000085800000, 0x0000000085800000, 0x0000000085900000|  0%| F|  |TAMS 0x0000000085800000| PB 0x0000000085800000| Untracked |  0
|  59|0x0000000085900000, 0x0000000085900000, 0x0000000085a00000|  0%| F|  |TAMS 0x0000000085900000| PB 0x0000000085900000| Untracked |  0
|  60|0x0000000085a00000, 0x0000000085a00000, 0x0000000085b00000|  0%| F|  |TAMS 0x0000000085a00000| PB 0x0000000085a00000| Untracked |  0
|  61|0x0000000085b00000, 0x0000000085b00000, 0x0000000085c00000|  0%| F|  |TAMS 0x0000000085b00000| PB 0x0000000085b00000| Untracked |  0
|  62|0x0000000085c00000, 0x0000000085c00000, 0x0000000085d00000|  0%| F|  |TAMS 0x0000000085c00000| PB 0x0000000085c00000| Untracked |  0
|  63|0x0000000085d00000, 0x0000000085d00000, 0x0000000085e00000|  0%| F|  |TAMS 0x0000000085d00000| PB 0x0000000085d00000| Untracked |  0
|  64|0x0000000085e00000, 0x0000000085e00000, 0x0000000085f00000|  0%| F|  |TAMS 0x0000000085e00000| PB 0x0000000085e00000| Untracked |  0
|  65|0x0000000085f00000, 0x0000000085f00000, 0x0000000086000000|  0%| F|  |TAMS 0x0000000085f00000| PB 0x0000000085f00000| Untracked |  0
|  66|0x0000000086000000, 0x0000000086000000, 0x0000000086100000|  0%| F|  |TAMS 0x0000000086000000| PB 0x0000000086000000| Untracked |  0
|  67|0x0000000086100000, 0x0000000086100000, 0x0000000086200000|  0%| F|  |TAMS 0x0000000086100000| PB 0x0000000086100000| Untracked |  0
|  68|0x0000000086200000, 0x0000000086200000, 0x0000000086300000|  0%| F|  |TAMS 0x0000000086200000| PB 0x0000000086200000| Untracked |  0
|  69|0x0000000086300000, 0x0000000086300000, 0x0000000086400000|  0%| F|  |TAMS 0x0000000086300000| PB 0x0000000086300000| Untracked |  0
|  70|0x0000000086400000, 0x0000000086400000, 0x0000000086500000|  0%| F|  |TAMS 0x0000000086400000| PB 0x0000000086400000| Untracked |  0
|  71|0x0000000086500000, 0x0000000086500000, 0x0000000086600000|  0%| F|  |TAMS 0x0000000086500000| PB 0x0000000086500000| Untracked |  0
|  72|0x0000000086600000, 0x0000000086600000, 0x0000000086700000|  0%| F|  |TAMS 0x0000000086600000| PB 0x0000000086600000| Untracked |  0
|  73|0x0000000086700000, 0x0000000086700000, 0x0000000086800000|  0%| F|  |TAMS 0x0000000086700000| PB 0x0000000086700000| Untracked |  0
|  74|0x0000000086800000, 0x0000000086800000, 0x0000000086900000|  0%| F|  |TAMS 0x0000000086800000| PB 0x0000000086800000| Untracked |  0
|  75|0x0000000086900000, 0x0000000086900000, 0x0000000086a00000|  0%| F|  |TAMS 0x0000000086900000| PB 0x0000000086900000| Untracked |  0
|  76|0x0000000086a00000, 0x0000000086a00000, 0x0000000086b00000|  0%| F|  |TAMS 0x0000000086a00000| PB 0x0000000086a00000| Untracked |  0
|  77|0x0000000086b00000, 0x0000000086b00000, 0x0000000086c00000|  0%| F|  |TAMS 0x0000000086b00000| PB 0x0000000086b00000| Untracked |  0
|  78|0x0000000086c00000, 0x0000000086c00000, 0x0000000086d00000|  0%| F|  |TAMS 0x0000000086c00000| PB 0x0000000086c00000| Untracked |  0
|  79|0x0000000086d00000, 0x0000000086d00000, 0x0000000086e00000|  0%| F|  |TAMS 0x0000000086d00000| PB 0x0000000086d00000| Untracked |  0
|  80|0x0000000086e00000, 0x0000000086e00000, 0x0000000086f00000|  0%| F|  |TAMS 0x0000000086e00000| PB 0x0000000086e00000| Untracked |  0
|  81|0x0000000086f00000, 0x0000000086f00000, 0x0000000087000000|  0%| F|  |TAMS 0x0000000086f00000| PB 0x0000000086f00000| Untracked |  0
|  82|0x0000000087000000, 0x0000000087000000, 0x0000000087100000|  0%| F|  |TAMS 0x0000000087000000| PB 0x0000000087000000| Untracked |  0
|  83|0x0000000087100000, 0x0000000087100000, 0x0000000087200000|  0%| F|  |TAMS 0x0000000087100000| PB 0x0000000087100000| Untracked |  0
|  84|0x0000000087200000, 0x0000000087200000, 0x0000000087300000|  0%| F|  |TAMS 0x0000000087200000| PB 0x0000000087200000| Untracked |  0
|  85|0x0000000087300000, 0x0000000087300000, 0x0000000087400000|  0%| F|  |TAMS 0x0000000087300000| PB 0x0000000087300000| Untracked |  0
|  86|0x0000000087400000, 0x0000000087400000, 0x0000000087500000|  0%| F|  |TAMS 0x0000000087400000| PB 0x0000000087400000| Untracked |  0
|  87|0x0000000087500000, 0x0000000087500000, 0x0000000087600000|  0%| F|  |TAMS 0x0000000087500000| PB 0x0000000087500000| Untracked |  0
|  88|0x0000000087600000, 0x0000000087600000, 0x0000000087700000|  0%| F|  |TAMS 0x0000000087600000| PB 0x0000000087600000| Untracked |  0
|  89|0x0000000087700000, 0x0000000087700000, 0x0000000087800000|  0%| F|  |TAMS 0x0000000087700000| PB 0x0000000087700000| Untracked |  0
|  90|0x0000000087800000, 0x0000000087800000, 0x0000000087900000|  0%| F|  |TAMS 0x0000000087800000| PB 0x0000000087800000| Untracked |  0
|  91|0x0000000087900000, 0x0000000087900000, 0x0000000087a00000|  0%| F|  |TAMS 0x0000000087900000| PB 0x0000000087900000| Untracked |  0
|  92|0x0000000087a00000, 0x0000000087a00000, 0x0000000087b00000|  0%| F|  |TAMS 0x0000000087a00000| PB 0x0000000087a00000| Untracked |  0
|  93|0x0000000087b00000, 0x0000000087b00000, 0x0000000087c00000|  0%| F|  |TAMS 0x0000000087b00000| PB 0x0000000087b00000| Untracked |  0
|  94|0x0000000087c00000, 0x0000000087c00000, 0x0000000087d00000|  0%| F|  |TAMS 0x0000000087c00000| PB 0x0000000087c00000| Untracked |  0
|  95|0x0000000087d00000, 0x0000000087d00000, 0x0000000087e00000|  0%| F|  |TAMS 0x0000000087d00000| PB 0x0000000087d00000| Untracked |  0
|  96|0x0000000087e00000, 0x0000000087e00000, 0x0000000087f00000|  0%| F|  |TAMS 0x0000000087e00000| PB 0x0000000087e00000| Untracked |  0
|  97|0x0000000087f00000, 0x0000000087f00000, 0x0000000088000000|  0%| F|  |TAMS 0x0000000087f00000| PB 0x0000000087f00000| Untracked |  0
|  98|0x0000000088000000, 0x0000000088000000, 0x0000000088100000|  0%| F|  |TAMS 0x0000000088000000| PB 0x0000000088000000| Untracked |  0
|  99|0x0000000088100000, 0x0000000088100000, 0x0000000088200000|  0%| F|  |TAMS 0x0000000088100000| PB 0x0000000088100000| Untracked |  0
| 100|0x0000000088200000, 0x0000000088200000, 0x0000000088300000|  0%| F|  |TAMS 0x0000000088200000| PB 0x0000000088200000| Untracked |  0
| 101|0x0000000088300000, 0x0000000088300000, 0x0000000088400000|  0%| F|  |TAMS 0x0000000088300000| PB 0x0000000088300000| Untracked |  0
| 102|0x0000000088400000, 0x0000000088400000, 0x0000000088500000|  0%| F|  |TAMS 0x0000000088400000| PB 0x0000000088400000| Untracked |  0
| 103|0x0000000088500000, 0x0000000088500000, 0x0000000088600000|  0%| F|  |TAMS 0x0000000088500000| PB 0x0000000088500000| Untracked |  0
| 104|0x0000000088600000, 0x0000000088600000, 0x0000000088700000|  0%| F|  |TAMS 0x0000000088600000| PB 0x0000000088600000| Untracked |  0
| 105|0x0000000088700000, 0x0000000088700000, 0x0000000088800000|  0%| F|  |TAMS 0x0000000088700000| PB 0x0000000088700000| Untracked |  0
| 106|0x0000000088800000, 0x0000000088800000, 0x0000000088900000|  0%| F|  |TAMS 0x0000000088800000| PB 0x0000000088800000| Untracked |  0
| 107|0x0000000088900000, 0x0000000088900000, 0x0000000088a00000|  0%| F|  |TAMS 0x0000000088900000| PB 0x0000000088900000| Untracked |  0
| 108|0x0000000088a00000, 0x0000000088a0a788, 0x0000000088b00000|  4%| E|  |TAMS 0x0000000088a00000| PB 0x0000000088a00000| Complete |  0
| 109|0x0000000088b00000, 0x0000000088c00000, 0x0000000088c00000|100%| E|CS|TAMS 0x0000000088b00000| PB 0x0000000088b00000| Complete |  0
| 110|0x0000000088c00000, 0x0000000088d00000, 0x0000000088d00000|100%| E|CS|TAMS 0x0000000088c00000| PB 0x0000000088c00000| Complete |  0
| 127|0x0000000089d00000, 0x0000000089e00000, 0x0000000089e00000|100%| E|CS|TAMS 0x0000000089d00000| PB 0x0000000089d00000| Complete |  0
|2016|0x00000000ffe00000, 0x00000000fff00000, 0x00000000fff00000|100%| O|  |TAMS 0x00000000ffe00000| PB 0x00000000ffe00000| Untracked |  0
|2017|0x00000000fff00000, 0x0000000100000000, 0x0000000100000000|100%| E|CS|TAMS 0x00000000fff00000| PB 0x00000000fff00000| Complete |  0

Card table byte_map: [0x0000016bbe000000,0x0000016bbe400000] _byte_map_base: 0x0000016bbdbf1000

Marking Bits: (CMBitMap*) 0x0000016ba6078240
 Bits: [0x0000016bbe400000, 0x0000016bc0388000)

Polling page: 0x0000016ba3ff0000

Metaspace:

Usage:
  Non-class:     69.95 MB used.
      Class:      8.56 MB used.
       Both:     78.51 MB used.

Virtual space:
  Non-class space:      128.00 MB reserved,      70.31 MB ( 55%) committed,  2 nodes.
      Class space:        1.00 GB reserved,       8.88 MB ( <1%) committed,  1 nodes.
             Both:        1.12 GB reserved,      79.19 MB (  7%) committed. 

Chunk freelists:
   Non-Class:  9.22 MB
       Class:  7.12 MB
        Both:  16.33 MB

MaxMetaspaceSize: unlimited
CompressedClassSpaceSize: 1.00 GB
Initial GC threshold: 21.00 MB
Current GC threshold: 131.25 MB
CDS: on
 - commit_granule_bytes: 65536.
 - commit_granule_words: 8192.
 - virtual_space_node_default_size: 8388608.
 - enlarge_chunks_in_place: 1.
UseCompressedClassPointers 1, UseCompactObjectHeaders 0
Narrow klass pointer bits 32, Max shift 3
Narrow klass base: 0x0000016bc3000000, Narrow klass shift: 0
Encoding Range: [0x0000016bc3000000 - 0x0000016cc3000000), (4294967296 bytes)
Klass Range:    [0x0000016bc3000000 - 0x0000016c04000000), (1090519040 bytes)
Klass ID Range:  [8 - 1090519033) (1090519025)


Internal statistics:

num_allocs_failed_limit: 9.
num_arena_births: 842.
num_arena_deaths: 0.
num_vsnodes_births: 3.
num_vsnodes_deaths: 0.
num_space_committed: 1267.
num_space_uncommitted: 0.
num_chunks_returned_to_freelist: 9.
num_chunks_taken_from_freelist: 3615.
num_chunk_merges: 9.
num_chunk_splits: 2674.
num_chunks_enlarged: 2205.
num_inconsistent_stats: 0.

CodeHeap 'non-profiled nmethods': size=120064Kb used=4994Kb max_used=5180Kb free=115069Kb
 bounds [0x0000016bb6390000, 0x0000016bb68a0000, 0x0000016bbd8d0000]
CodeHeap 'profiled nmethods': size=120000Kb used=15161Kb max_used=15381Kb free=104839Kb
 bounds [0x0000016bae8d0000, 0x0000016baf7e0000, 0x0000016bb5e00000]
CodeHeap 'non-nmethods': size=5696Kb used=1597Kb max_used=1680Kb free=4099Kb
 bounds [0x0000016bb5e00000, 0x0000016bb6070000, 0x0000016bb6390000]
CodeCache: size=245760Kb, used=21752Kb, max_used=22241Kb, free=224007Kb
 total_blobs=10194, nmethods=9446, adapters=651, full_count=0
Compilation: enabled, stopped_count=0, restarted_count=0

Compilation events (20 events):
Event: 48.517 Thread 0x0000016bc2dc3670 nmethod 11154 0x0000016baf7d3988 code [0x0000016baf7d3c20, 0x0000016baf7d53e8]
Event: 48.517 Thread 0x0000016bc2dc06e0 11155       4       org.springframework.core.annotation.AnnotationsScanner::scan (21 bytes)
Event: 48.517 Thread 0x0000016bc2dc3670 11156       1       org.springframework.core.annotation.AnnotationTypeMapping$MirrorSets$MirrorSet::size (5 bytes)
Event: 48.517 Thread 0x0000016bc2dc3670 nmethod 11156 0x0000016bb689ef08 code [0x0000016bb689f000, 0x0000016bb689f0c8]
Event: 48.530 Thread 0x0000016c0af82360 11157       4       java.lang.invoke.MemberName::ensureTypeVisible (180 bytes)
Event: 48.535 Thread 0x0000016bc2dc3670 11158       3       org.junit.platform.commons.util.AnnotationUtils::findMetaAnnotation (84 bytes)
Event: 48.536 Thread 0x0000016bc2dc3670 nmethod 11158 0x0000016baf63a808 code [0x0000016baf63a9c0, 0x0000016baf63b3c0]
Event: 48.542 Thread 0x0000016c0af82360 nmethod 11157 0x0000016bb6666288 code [0x0000016bb6666440, 0x0000016bb6666b28]
Event: 48.546 Thread 0x0000016c0a025610 nmethod 10997 0x0000016bb6787208 code [0x0000016bb6787a40, 0x0000016bb678fc98]
Event: 48.578 Thread 0x0000016bc2dc3670 11159       3       java.lang.invoke.Invokers::basicInvoker (103 bytes)
Event: 48.579 Thread 0x0000016bc2dc3670 nmethod 11159 0x0000016baf0f6208 code [0x0000016baf0f6400, 0x0000016baf0f7078]
Event: 48.579 Thread 0x0000016bc2dc3670 11160       3       java.lang.invoke.Invokers::cachedInvoker (7 bytes)
Event: 48.579 Thread 0x0000016bc2dc3670 nmethod 11160 0x0000016baeba3e88 code [0x0000016baeba3fa0, 0x0000016baeba40d0]
Event: 48.579 Thread 0x0000016bc2dc3670 11161       3       java.lang.invoke.LambdaForm$NamedFunction::<init> (95 bytes)
Event: 48.579 Thread 0x0000016bc2dc3670 nmethod 11161 0x0000016baecf7008 code [0x0000016baecf7180, 0x0000016baecf7800]
Event: 48.580 Thread 0x0000016bc2dc3670 11164       3       java.lang.invoke.InvokerBytecodeGenerator::emitReturn (121 bytes)
Event: 48.580 Thread 0x0000016bc2dc3670 nmethod 11164 0x0000016baf131108 code [0x0000016baf1312e0, 0x0000016baf131d90]
Event: 48.584 Thread 0x0000016bc2dc3670 11165       3       java.net.URI::isAbsolute (13 bytes)
Event: 48.584 Thread 0x0000016bc2dc3670 nmethod 11165 0x0000016baf10fb08 code [0x0000016baf10fc20, 0x0000016baf10fd78]
Event: 48.643 Thread 0x0000016bc2dc06e0 nmethod 11155 0x0000016bb67b3b08 code [0x0000016bb67b4100, 0x0000016bb67b9d08]

GC Heap History (20 events):
Event: 10.298 GC heap before
{Heap before GC invocations=13 (full 0):
 garbage-first heap   total reserved 2066432K, committed 71680K, used 37666K [0x0000000081e00000, 0x0000000100000000)
  region size 1024K, 11 young (11264K), 3 survivors (3072K)
 Metaspace       used 59883K, committed 60288K, reserved 1114112K
  class space    used 6220K, committed 6400K, reserved 1048576K
}
Event: 10.304 GC heap after
{Heap after GC invocations=14 (full 0):
 garbage-first heap   total reserved 2066432K, committed 71680K, used 31153K [0x0000000081e00000, 0x0000000100000000)
  region size 1024K, 3 young (3072K), 3 survivors (3072K)
 Metaspace       used 59883K, committed 60288K, reserved 1114112K
  class space    used 6220K, committed 6400K, reserved 1048576K
}
Event: 44.799 GC heap before
{Heap before GC invocations=15 (full 0):
 garbage-first heap   total reserved 2066432K, committed 71680K, used 62897K [0x0000000081e00000, 0x0000000100000000)
  region size 1024K, 35 young (35840K), 3 survivors (3072K)
 Metaspace       used 65112K, committed 65600K, reserved 1114112K
  class space    used 6716K, committed 6912K, reserved 1048576K
}
Event: 44.811 GC heap after
{Heap after GC invocations=16 (full 0):
 garbage-first heap   total reserved 2066432K, committed 71680K, used 34618K [0x0000000081e00000, 0x0000000100000000)
  region size 1024K, 5 young (5120K), 5 survivors (5120K)
 Metaspace       used 65112K, committed 65600K, reserved 1114112K
  class space    used 6716K, committed 6912K, reserved 1048576K
}
Event: 45.312 GC heap before
{Heap before GC invocations=16 (full 0):
 garbage-first heap   total reserved 2066432K, committed 71680K, used 62266K [0x0000000081e00000, 0x0000000100000000)
  region size 1024K, 32 young (32768K), 5 survivors (5120K)
 Metaspace       used 67426K, committed 67904K, reserved 1114112K
  class space    used 7013K, committed 7232K, reserved 1048576K
}
Event: 45.330 GC heap after
{Heap after GC invocations=17 (full 0):
 garbage-first heap   total reserved 2066432K, committed 71680K, used 37446K [0x0000000081e00000, 0x0000000100000000)
  region size 1024K, 3 young (3072K), 3 survivors (3072K)
 Metaspace       used 67426K, committed 67904K, reserved 1114112K
  class space    used 7013K, committed 7232K, reserved 1048576K
}
Event: 45.867 GC heap before
{Heap before GC invocations=17 (full 0):
 garbage-first heap   total reserved 2066432K, committed 71680K, used 64070K [0x0000000081e00000, 0x0000000100000000)
  region size 1024K, 29 young (29696K), 3 survivors (3072K)
 Metaspace       used 70701K, committed 71168K, reserved 1114112K
  class space    used 7668K, committed 7872K, reserved 1048576K
}
Event: 45.877 GC heap after
{Heap after GC invocations=18 (full 0):
 garbage-first heap   total reserved 2066432K, committed 86016K, used 39654K [0x0000000081e00000, 0x0000000100000000)
  region size 1024K, 3 young (3072K), 3 survivors (3072K)
 Metaspace       used 70701K, committed 71168K, reserved 1114112K
  class space    used 7668K, committed 7872K, reserved 1048576K
}
Event: 46.158 GC heap before
{Heap before GC invocations=19 (full 0):
 garbage-first heap   total reserved 2066432K, committed 86016K, used 75494K [0x0000000081e00000, 0x0000000100000000)
  region size 1024K, 38 young (38912K), 3 survivors (3072K)
 Metaspace       used 72111K, committed 72512K, reserved 1114112K
  class space    used 7844K, committed 8000K, reserved 1048576K
}
Event: 46.168 GC heap after
{Heap after GC invocations=20 (full 0):
 garbage-first heap   total reserved 2066432K, committed 86016K, used 41880K [0x0000000081e00000, 0x0000000100000000)
  region size 1024K, 5 young (5120K), 5 survivors (5120K)
 Metaspace       used 72111K, committed 72512K, reserved 1114112K
  class space    used 7844K, committed 8000K, reserved 1048576K
}
Event: 46.418 GC heap before
{Heap before GC invocations=20 (full 0):
 garbage-first heap   total reserved 2066432K, committed 86016K, used 74648K [0x0000000081e00000, 0x0000000100000000)
  region size 1024K, 37 young (37888K), 5 survivors (5120K)
 Metaspace       used 72596K, committed 73088K, reserved 1179648K
  class space    used 7912K, committed 8128K, reserved 1048576K
}
Event: 46.430 GC heap after
{Heap after GC invocations=21 (full 0):
 garbage-first heap   total reserved 2066432K, committed 86016K, used 42859K [0x0000000081e00000, 0x0000000100000000)
  region size 1024K, 4 young (4096K), 4 survivors (4096K)
 Metaspace       used 72596K, committed 73088K, reserved 1179648K
  class space    used 7912K, committed 8128K, reserved 1048576K
}
Event: 46.777 GC heap before
{Heap before GC invocations=21 (full 0):
 garbage-first heap   total reserved 2066432K, committed 86016K, used 76651K [0x0000000081e00000, 0x0000000100000000)
  region size 1024K, 37 young (37888K), 4 survivors (4096K)
 Metaspace       used 73240K, committed 73728K, reserved 1179648K
  class space    used 7974K, committed 8192K, reserved 1048576K
}
Event: 46.787 GC heap after
{Heap after GC invocations=22 (full 0):
 garbage-first heap   total reserved 2066432K, committed 86016K, used 43391K [0x0000000081e00000, 0x0000000100000000)
  region size 1024K, 2 young (2048K), 2 survivors (2048K)
 Metaspace       used 73240K, committed 73728K, reserved 1179648K
  class space    used 7974K, committed 8192K, reserved 1048576K
}
Event: 47.189 GC heap before
{Heap before GC invocations=23 (full 0):
 garbage-first heap   total reserved 2066432K, committed 86016K, used 77183K [0x0000000081e00000, 0x0000000100000000)
  region size 1024K, 35 young (35840K), 2 survivors (2048K)
 Metaspace       used 73956K, committed 74432K, reserved 1179648K
  class space    used 8005K, committed 8192K, reserved 1048576K
}
Event: 47.199 GC heap after
{Heap after GC invocations=24 (full 0):
 garbage-first heap   total reserved 2066432K, committed 86016K, used 46322K [0x0000000081e00000, 0x0000000100000000)
  region size 1024K, 5 young (5120K), 5 survivors (5120K)
 Metaspace       used 73956K, committed 74432K, reserved 1179648K
  class space    used 8005K, committed 8192K, reserved 1048576K
}
Event: 47.790 GC heap before
{Heap before GC invocations=24 (full 0):
 garbage-first heap   total reserved 2066432K, committed 86016K, used 74994K [0x0000000081e00000, 0x0000000100000000)
  region size 1024K, 33 young (33792K), 5 survivors (5120K)
 Metaspace       used 77068K, committed 77632K, reserved 1179648K
  class space    used 8356K, committed 8640K, reserved 1048576K
}
Event: 47.807 GC heap after
{Heap after GC invocations=25 (full 0):
 garbage-first heap   total reserved 2066432K, committed 86016K, used 47753K [0x0000000081e00000, 0x0000000100000000)
  region size 1024K, 3 young (3072K), 3 survivors (3072K)
 Metaspace       used 77068K, committed 77632K, reserved 1179648K
  class space    used 8356K, committed 8640K, reserved 1048576K
}
Event: 48.428 GC heap before
{Heap before GC invocations=25 (full 0):
 garbage-first heap   total reserved 2066432K, committed 86016K, used 77449K [0x0000000081e00000, 0x0000000100000000)
  region size 1024K, 32 young (32768K), 3 survivors (3072K)
 Metaspace       used 79756K, committed 80384K, reserved 1179648K
  class space    used 8684K, committed 8960K, reserved 1048576K
}
Event: 48.444 GC heap after
{Heap after GC invocations=26 (full 0):
 garbage-first heap   total reserved 2066432K, committed 116736K, used 50603K [0x0000000081e00000, 0x0000000100000000)
  region size 1024K, 3 young (3072K), 3 survivors (3072K)
 Metaspace       used 79756K, committed 80384K, reserved 1179648K
  class space    used 8684K, committed 8960K, reserved 1048576K
}

Dll operation events (11 events):
Event: 0.007 Loaded shared library C:\Users\sonaw\.jdks\openjdk-24.0.2\bin\java.dll
Event: 0.036 Loaded shared library C:\Users\sonaw\.jdks\openjdk-24.0.2\bin\jsvml.dll
Event: 0.040 Loaded shared library C:\Users\sonaw\.jdks\openjdk-24.0.2\bin\net.dll
Event: 0.041 Loaded shared library C:\Users\sonaw\.jdks\openjdk-24.0.2\bin\nio.dll
Event: 0.043 Loaded shared library C:\Users\sonaw\.jdks\openjdk-24.0.2\bin\zip.dll
Event: 0.101 Loaded shared library C:\Users\sonaw\.jdks\openjdk-24.0.2\bin\management.dll
Event: 0.103 Loaded shared library C:\Users\sonaw\.jdks\openjdk-24.0.2\bin\management_ext.dll
Event: 0.119 Loaded shared library C:\Users\sonaw\.jdks\openjdk-24.0.2\bin\jimage.dll
Event: 2.287 Loaded shared library C:\Users\sonaw\.jdks\openjdk-24.0.2\bin\sunmscapi.dll
Event: 4.621 Loaded shared library C:\Users\sonaw\.jdks\openjdk-24.0.2\bin\verify.dll
Event: 5.074 Loaded shared library C:\Users\sonaw\.jdks\openjdk-24.0.2\bin\extnet.dll

Deoptimization events (20 events):
Event: 48.539 Thread 0x0000016ba601d7c0 Uncommon trap: trap_request=0xffffff66 fr.pc=0x0000016bb670d9f4 relative=0x0000000000000834
Event: 48.539 Thread 0x0000016ba601d7c0 Uncommon trap: reason=speculate_class_check action=maybe_recompile pc=0x0000016bb670d9f4 method=org.springframework.transaction.interceptor.AbstractFallbackTransactionAttributeSource.getTransactionAttribute(Ljava/lang/reflect/Method;Ljava/lang/Class;)Lorg
Event: 48.539 Thread 0x0000016ba601d7c0 DEOPT PACKING pc=0x0000016bb670d9f4 sp=0x00000057372fd7e0
Event: 48.539 Thread 0x0000016ba601d7c0 DEOPT UNPACKING pc=0x0000016bb5f16482 sp=0x00000057372fd798 mode 2
Event: 48.540 Thread 0x0000016ba601d7c0 Uncommon trap: trap_request=0xffffffde fr.pc=0x0000016bb676624c relative=0x000000000000084c
Event: 48.540 Thread 0x0000016ba601d7c0 Uncommon trap: reason=class_check action=maybe_recompile pc=0x0000016bb676624c method=org.springframework.core.annotation.AnnotationsScanner.isWithoutHierarchy(Ljava/lang/reflect/AnnotatedElement;Ljava/util/function/Predicate;)Z @ 45 c2
Event: 48.540 Thread 0x0000016ba601d7c0 DEOPT PACKING pc=0x0000016bb676624c sp=0x00000057372fd520
Event: 48.540 Thread 0x0000016ba601d7c0 DEOPT UNPACKING pc=0x0000016bb5f16482 sp=0x00000057372fd3c8 mode 2
Event: 48.540 Thread 0x0000016ba601d7c0 Uncommon trap: trap_request=0xffffffde fr.pc=0x0000016bb676fb4c relative=0x000000000000422c
Event: 48.540 Thread 0x0000016ba601d7c0 Uncommon trap: reason=class_check action=maybe_recompile pc=0x0000016bb676fb4c method=org.springframework.core.annotation.AnnotationsScanner.processClassHierarchy(Ljava/lang/Object;[ILjava/lang/Class;Lorg/springframework/core/annotation/AnnotationsProcess
Event: 48.540 Thread 0x0000016ba601d7c0 DEOPT PACKING pc=0x0000016bb676fb4c sp=0x00000057372fd440
Event: 48.540 Thread 0x0000016ba601d7c0 DEOPT UNPACKING pc=0x0000016bb5f16482 sp=0x00000057372fd470 mode 2
Event: 48.587 Thread 0x0000016ba601d7c0 Uncommon trap: trap_request=0xffffffde fr.pc=0x0000016bb68094b4 relative=0x0000000000001af4
Event: 48.587 Thread 0x0000016ba601d7c0 Uncommon trap: reason=class_check action=maybe_recompile pc=0x0000016bb68094b4 method=java.util.zip.InflaterInputStream.read([BII)I @ 78 c2
Event: 48.587 Thread 0x0000016ba601d7c0 DEOPT PACKING pc=0x0000016bb68094b4 sp=0x00000057372fa4b0
Event: 48.587 Thread 0x0000016ba601d7c0 DEOPT UNPACKING pc=0x0000016bb5f16482 sp=0x00000057372fa510 mode 2
Event: 48.587 Thread 0x0000016ba601d7c0 Uncommon trap: trap_request=0xffffffde fr.pc=0x0000016bb68094b4 relative=0x0000000000001af4
Event: 48.587 Thread 0x0000016ba601d7c0 Uncommon trap: reason=class_check action=maybe_recompile pc=0x0000016bb68094b4 method=java.util.zip.InflaterInputStream.read([BII)I @ 78 c2
Event: 48.587 Thread 0x0000016ba601d7c0 DEOPT PACKING pc=0x0000016bb68094b4 sp=0x00000057372fa4b0
Event: 48.587 Thread 0x0000016ba601d7c0 DEOPT UNPACKING pc=0x0000016bb5f16482 sp=0x00000057372fa510 mode 2

Classes loaded (20 events):
Event: 48.579 Loading class java/lang/instrument/Instrumentation
Event: 48.579 Loading class java/lang/instrument/Instrumentation done
Event: 48.584 Loading class java/util/jar/JarInputStream
Event: 48.585 Loading class java/util/zip/ZipInputStream
Event: 48.586 Loading class java/util/zip/ZipInputStream done
Event: 48.586 Loading class java/util/jar/JarInputStream done
Event: 48.586 Loading class java/io/PushbackInputStream
Event: 48.586 Loading class java/io/PushbackInputStream done
Event: 48.587 Loading class sun/security/util/ManifestEntryVerifier
Event: 48.587 Loading class sun/security/util/ManifestEntryVerifier done
Event: 48.589 Loading class java/lang/ProcessBuilder
Event: 48.589 Loading class java/lang/ProcessBuilder done
Event: 48.589 Loading class java/lang/ProcessImpl
Event: 48.589 Loading class java/lang/ProcessImpl done
Event: 48.592 Loading class java/lang/Process$PipeOutputStream
Event: 48.592 Loading class java/lang/Process$PipeOutputStream done
Event: 48.592 Loading class java/lang/Process$PipeInputStream
Event: 48.592 Loading class java/lang/Process$PipeInputStream done
Event: 48.592 Loading class jdk/internal/event/ProcessStartEvent
Event: 48.592 Loading class jdk/internal/event/ProcessStartEvent done

Classes unloaded (0 events):
No events

Classes redefined (0 events):
No events

Internal exceptions (20 events):
Event: 47.328 Thread 0x0000016ba601d7c0 Exception <a 'java/lang/IncompatibleClassChangeError'{0x00000000870eb278}: Found class java.lang.Object, but interface was expected> (0x00000000870eb278) 
thrown [s\open\src\hotspot\share\interpreter\linkResolver.cpp, line 872]
Event: 47.330 Thread 0x0000016ba601d7c0 Exception <a 'java/lang/NoSuchMethodError'{0x0000000086a13600}: 'int java.lang.invoke.DirectMethodHandle$Holder.invokeSpecialIFC(java.lang.Object, java.lang.Object, java.lang.Object)'> (0x0000000086a13600) 
thrown [s\open\src\hotspot\share\interpreter\linkResolver.cpp, line 805]
Event: 47.332 Thread 0x0000016ba601d7c0 Exception <a 'java/lang/NoSuchMethodError'{0x0000000086a4c010}: 'void java.lang.invoke.DirectMethodHandle$Holder.invokeStatic(java.lang.Object, int, java.lang.Object)'> (0x0000000086a4c010) 
thrown [s\open\src\hotspot\share\interpreter\linkResolver.cpp, line 805]
Event: 47.416 Thread 0x0000016ba601d7c0 Exception <a 'java/lang/NoSuchMethodError'{0x000000008669bf08}: 'java.lang.Object java.lang.invoke.DirectMethodHandle$Holder.newInvokeSpecial(java.lang.Object, java.lang.Object, java.lang.Object, java.lang.Object, java.lang.Object, java.lang.Object, java.lang.Object, java.lang.Object)'> (0x000000008669bf08) 
thrown [s\open\src\hotspot\share\interpreter\linkResolver.cpp, line 805]
Event: 47.570 Thread 0x0000016ba601d7c0 Exception <a 'java/lang/NoSuchMethodError'{0x0000000085eadbf8}: 'java.lang.Object java.lang.invoke.DirectMethodHandle$Holder.invokeVirtual(java.lang.Object, java.lang.Object, java.lang.Object, java.lang.Object, java.lang.Object, java.lang.Object, java.lang.Object)'> (0x0000000085eadbf8) 
thrown [s\open\src\hotspot\share\interpreter\linkResolver.cpp, line 805]
Event: 47.950 Thread 0x0000016ba601d7c0 Implicit null exception at 0x0000016bb6849b05 to 0x0000016bb684add0
Event: 48.005 Thread 0x0000016ba601d7c0 Implicit null exception at 0x0000016bb67840d8 to 0x0000016bb67846a0
Event: 48.036 Thread 0x0000016ba601d7c0 Exception <a 'java/lang/IncompatibleClassChangeError'{0x000000008641cd00}: Found class java.lang.Object, but interface was expected> (0x000000008641cd00) 
thrown [s\open\src\hotspot\share\interpreter\linkResolver.cpp, line 872]
Event: 48.097 Thread 0x0000016ba601d7c0 Exception <a 'java/lang/NoSuchMethodError'{0x00000000862af490}: 'void java.lang.invoke.DirectMethodHandle$Holder.invokeVirtual(java.lang.Object, java.lang.Object, long)'> (0x00000000862af490) 
thrown [s\open\src\hotspot\share\interpreter\linkResolver.cpp, line 805]
Event: 48.199 Thread 0x0000016ba601d7c0 Exception <a 'java/lang/NoSuchMethodError'{0x0000000085e34af8}: 'int java.lang.invoke.DirectMethodHandle$Holder.invokeStaticInit(java.lang.Object, java.lang.Object, java.lang.Object, java.lang.Object)'> (0x0000000085e34af8) 
thrown [s\open\src\hotspot\share\interpreter\linkResolver.cpp, line 805]
Event: 48.234 Thread 0x0000016ba601d7c0 Exception <a 'java/lang/NoSuchMethodError'{0x0000000085d77950}: 'java.lang.Object java.lang.invoke.DirectMethodHandle$Holder.invokeVirtual(java.lang.Object, java.lang.Object, java.lang.Object, java.lang.Object, java.lang.Object, java.lang.Object, java.lang.Object, java.lang.Object, java.lang.Object)'> (0x0000000085d77950) 
thrown [s\open\src\hotspot\share\interpreter\linkResolver.cpp, line 805]
Event: 48.279 Thread 0x0000016ba601d7c0 Exception <a 'java/lang/NoSuchMethodError'{0x0000000085b5cce0}: 'java.lang.Object java.lang.invoke.DirectMethodHandle$Holder.invokeVirtual(java.lang.Object, java.lang.Object, java.lang.Object, java.lang.Object, java.lang.Object, java.lang.Object, java.lang.Object, java.lang.Object, java.lang.Object, java.lang.Object)'> (0x0000000085b5cce0) 
thrown [s\open\src\hotspot\share\interpreter\linkResolver.cpp, line 805]
Event: 48.308 Thread 0x0000016ba601d7c0 Exception <a 'java/lang/NoSuchMethodError'{0x0000000085918398}: 'java.lang.Object java.lang.invoke.DirectMethodHandle$Holder.invokeStatic(java.lang.Object, java.lang.Object, java.lang.Object, java.lang.Object, java.lang.Object, java.lang.Object, java.lang.Object, java.lang.Object, java.lang.Object, java.lang.Object, java.lang.Object)'> (0x0000000085918398) 
thrown [s\open\src\hotspot\share\interpreter\linkResolver.cpp, line 805]
Event: 48.310 Thread 0x0000016ba601d7c0 Exception <a 'java/lang/NoSuchMethodError'{0x000000008594bad0}: 'java.lang.Object java.lang.invoke.DirectMethodHandle$Holder.invokeStatic(java.lang.Object, java.lang.Object, java.lang.Object, java.lang.Object, java.lang.Object, java.lang.Object, java.lang.Object, java.lang.Object, java.lang.Object, java.lang.Object, java.lang.Object, java.lang.Object)'> (0x000000008594bad0) 
thrown [s\open\src\hotspot\share\interpreter\linkResolver.cpp, line 805]
Event: 48.330 Thread 0x0000016ba601d7c0 Exception <a 'java/lang/IncompatibleClassChangeError'{0x000000008581a290}: Found class java.lang.Object, but interface was expected> (0x000000008581a290) 
thrown [s\open\src\hotspot\share\interpreter\linkResolver.cpp, line 872]
Event: 48.342 Thread 0x0000016ba601d7c0 Implicit null exception at 0x0000016bb687a480 to 0x0000016bb687a778
Event: 48.345 Thread 0x0000016ba601d7c0 Implicit null exception at 0x0000016bb6849268 to 0x0000016bb684931c
Event: 48.461 Thread 0x0000016ba601d7c0 Exception <a 'java/lang/NoSuchMethodError'{0x00000000ffff4cf8}: 'java.lang.Object java.lang.invoke.DirectMethodHandle$Holder.newInvokeSpecial(java.lang.Object, java.lang.Object, int, java.lang.Object, java.lang.Object)'> (0x00000000ffff4cf8) 
thrown [s\open\src\hotspot\share\interpreter\linkResolver.cpp, line 805]
Event: 48.580 Thread 0x0000016ba601d7c0 Exception <a 'java/lang/NoSuchMethodError'{0x0000000088ba6aa0}: 'long java.lang.invoke.DelegatingMethodHandle$Holder.reinvoke_L(java.lang.Object, java.lang.Object)'> (0x0000000088ba6aa0) 
thrown [s\open\src\hotspot\share\interpreter\linkResolver.cpp, line 805]
Event: 48.591 Thread 0x0000016ba601d7c0 Exception <a 'java/lang/NoSuchMethodError'{0x0000000088bd88b8}: 'void java.lang.invoke.DirectMethodHandle$Holder.invokeStatic(java.lang.Object, long)'> (0x0000000088bd88b8) 
thrown [s\open\src\hotspot\share\interpreter\linkResolver.cpp, line 805]

VM Operations (20 events):
Event: 47.577 Executing VM operation: HandshakeAllThreads (Deoptimize)
Event: 47.577 Executing VM operation: HandshakeAllThreads (Deoptimize) done
Event: 47.617 Executing VM operation: HandshakeAllThreads (Deoptimize)
Event: 47.617 Executing VM operation: HandshakeAllThreads (Deoptimize) done
Event: 47.685 Executing VM operation: HandshakeAllThreads (Deoptimize)
Event: 47.685 Executing VM operation: HandshakeAllThreads (Deoptimize) done
Event: 47.723 Executing VM operation: HandshakeAllThreads (Deoptimize)
Event: 47.723 Executing VM operation: HandshakeAllThreads (Deoptimize) done
Event: 47.724 Executing VM operation: HandshakeAllThreads (Deoptimize)
Event: 47.724 Executing VM operation: HandshakeAllThreads (Deoptimize) done
Event: 47.790 Executing VM operation: G1CollectForAllocation (G1 Evacuation Pause)
Event: 47.807 Executing VM operation: G1CollectForAllocation (G1 Evacuation Pause) done
Event: 48.128 Executing VM operation: HandshakeAllThreads (Deoptimize)
Event: 48.128 Executing VM operation: HandshakeAllThreads (Deoptimize) done
Event: 48.428 Executing VM operation: G1CollectForAllocation (G1 Evacuation Pause)
Event: 48.444 Executing VM operation: G1CollectForAllocation (G1 Evacuation Pause) done
Event: 48.518 Executing VM operation: G1PauseRemark
Event: 48.528 Executing VM operation: G1PauseRemark done
Event: 48.550 Executing VM operation: G1PauseCleanup
Event: 48.550 Executing VM operation: G1PauseCleanup done

Memory protections (0 events):
No events

Nmethod flushes (20 events):
Event: 48.528 Thread 0x0000016bc2da4e30 flushing  nmethod 0x0000016baf667f88
Event: 48.528 Thread 0x0000016bc2da4e30 flushing  nmethod 0x0000016baf673508
Event: 48.528 Thread 0x0000016bc2da4e30 flushing  nmethod 0x0000016baf675d08
Event: 48.528 Thread 0x0000016bc2da4e30 flushing  nmethod 0x0000016baf681b08
Event: 48.528 Thread 0x0000016bc2da4e30 flushing  nmethod 0x0000016baf683d88
Event: 48.528 Thread 0x0000016bc2da4e30 flushing  nmethod 0x0000016baf684c08
Event: 48.528 Thread 0x0000016bc2da4e30 flushing  nmethod 0x0000016baf696088
Event: 48.528 Thread 0x0000016bc2da4e30 flushing  nmethod 0x0000016baf696a88
Event: 48.528 Thread 0x0000016bc2da4e30 flushing  nmethod 0x0000016baf696e08
Event: 48.528 Thread 0x0000016bc2da4e30 flushing  nmethod 0x0000016baf698288
Event: 48.528 Thread 0x0000016bc2da4e30 flushing  nmethod 0x0000016baf698e88
Event: 48.528 Thread 0x0000016bc2da4e30 flushing  nmethod 0x0000016baf69b208
Event: 48.528 Thread 0x0000016bc2da4e30 flushing  nmethod 0x0000016baf69b508
Event: 48.528 Thread 0x0000016bc2da4e30 flushing  nmethod 0x0000016baf69b908
Event: 48.528 Thread 0x0000016bc2da4e30 flushing  nmethod 0x0000016baf69c108
Event: 48.528 Thread 0x0000016bc2da4e30 flushing  nmethod 0x0000016baf69c408
Event: 48.528 Thread 0x0000016bc2da4e30 flushing  nmethod 0x0000016baf6a3088
Event: 48.528 Thread 0x0000016bc2da4e30 flushing  nmethod 0x0000016baf6a5b88
Event: 48.528 Thread 0x0000016bc2da4e30 flushing  nmethod 0x0000016baf6c1e88
Event: 48.528 Thread 0x0000016bc2da4e30 flushing  nmethod 0x0000016baf6c2f88

Events (20 events):
Event: 2.291 Thread 0x0000016c092cd3c0 Thread exited: 0x0000016c092cd3c0
Event: 2.315 Thread 0x0000016c0a7c4370 Thread exited: 0x0000016c0a7c4370
Event: 3.908 Thread 0x0000016ba601d7c0 Thread added: 0x0000016c0c3abc40
Event: 5.619 Thread 0x0000016c0a0d30a0 Thread exited: 0x0000016c0a0d30a0
Event: 5.619 Thread 0x0000016c08177780 Thread exited: 0x0000016c08177780
Event: 5.732 Thread 0x0000016bc2dc3670 Thread added: 0x0000016c0b0337b0
Event: 5.736 Thread 0x0000016bc2dc3670 Thread added: 0x0000016c09f06d30
Event: 6.057 Thread 0x0000016c09f06d30 Thread exited: 0x0000016c09f06d30
Event: 6.057 Thread 0x0000016c0b0337b0 Thread exited: 0x0000016c0b0337b0
Event: 7.982 Thread 0x0000016ba601d7c0 Thread added: 0x0000016c0c3ac390
Event: 8.087 Thread 0x0000016c0c3ac390 Thread added: 0x0000016c0c3aada0
Event: 8.599 Thread 0x0000016bc2dc3670 Thread added: 0x0000016c08de5b30
Event: 8.699 Thread 0x0000016bc2dc3670 Thread added: 0x0000016c0c7f9920
Event: 9.180 Thread 0x0000016c0c7f9920 Thread exited: 0x0000016c0c7f9920
Event: 9.663 Thread 0x0000016bc2dc3670 Thread added: 0x0000016c0a7f1da0
Event: 10.426 Thread 0x0000016c0a7f1da0 Thread exited: 0x0000016c0a7f1da0
Event: 10.651 Thread 0x0000016c08de5b30 Thread exited: 0x0000016c08de5b30
Event: 32.654 Thread 0x0000016c0c3aada0 Thread exited: 0x0000016c0c3aada0
Event: 44.601 Thread 0x0000016bc2dc3670 Thread added: 0x0000016c0af82360
Event: 44.623 Thread 0x0000016bc2dc3670 Thread added: 0x0000016c0a025610


Dynamic libraries:
0x00007ff6a52c0000 - 0x00007ff6a52ce000 	C:\Users\sonaw\.jdks\openjdk-24.0.2\bin\java.exe
0x00007ffe57dd0000 - 0x00007ffe57fc8000 	C:\Windows\SYSTEM32\ntdll.dll
0x00007ffe56fc0000 - 0x00007ffe57082000 	C:\Windows\System32\KERNEL32.DLL
0x00007ffe554b0000 - 0x00007ffe557a6000 	C:\Windows\System32\KERNELBASE.dll
0x00007ffe55ab0000 - 0x00007ffe55bb0000 	C:\Windows\System32\ucrtbase.dll
0x00007ffe526c0000 - 0x00007ffe526d6000 	C:\Users\sonaw\.jdks\openjdk-24.0.2\bin\jli.dll
0x00007ffe4e070000 - 0x00007ffe4e08b000 	C:\Users\sonaw\.jdks\openjdk-24.0.2\bin\VCRUNTIME140.dll
0x00007ffe569c0000 - 0x00007ffe56b61000 	C:\Windows\System32\USER32.dll
0x00007ffe55d20000 - 0x00007ffe55d42000 	C:\Windows\System32\win32u.dll
0x00007ffe2e5d0000 - 0x00007ffe2e86b000 	C:\Windows\WinSxS\amd64_microsoft.windows.common-controls_6595b64144ccf1df_6.0.19041.6456_none_60b8a6cb71f64256\COMCTL32.dll
0x00007ffe56dd0000 - 0x00007ffe56dfb000 	C:\Windows\System32\GDI32.dll
0x00007ffe57090000 - 0x00007ffe5712e000 	C:\Windows\System32\msvcrt.dll
0x00007ffe55990000 - 0x00007ffe55aa9000 	C:\Windows\System32\gdi32full.dll
0x00007ffe55d50000 - 0x00007ffe55ded000 	C:\Windows\System32\msvcp_win.dll
0x00007ffe567f0000 - 0x00007ffe5681f000 	C:\Windows\System32\IMM32.DLL
0x00007ffe51930000 - 0x00007ffe5193c000 	C:\Users\sonaw\.jdks\openjdk-24.0.2\bin\vcruntime140_1.dll
0x00007ffe45780000 - 0x00007ffe4580e000 	C:\Users\sonaw\.jdks\openjdk-24.0.2\bin\msvcp140.dll
0x00007ffdda8a0000 - 0x00007ffddb641000 	C:\Users\sonaw\.jdks\openjdk-24.0.2\bin\server\jvm.dll
0x00007ffe56f00000 - 0x00007ffe56fb1000 	C:\Windows\System32\ADVAPI32.dll
0x00007ffe56920000 - 0x00007ffe569bf000 	C:\Windows\System32\sechost.dll
0x00007ffe57250000 - 0x00007ffe57370000 	C:\Windows\System32\RPCRT4.dll
0x00007ffe55c60000 - 0x00007ffe55c87000 	C:\Windows\System32\bcrypt.dll
0x00007ffe56e90000 - 0x00007ffe56efb000 	C:\Windows\System32\WS2_32.dll
0x00007ffe495b0000 - 0x00007ffe495d7000 	C:\Windows\SYSTEM32\WINMM.dll
0x00007ffe552c0000 - 0x00007ffe5530b000 	C:\Windows\SYSTEM32\POWRPROF.dll
0x00007ffe50b10000 - 0x00007ffe50b1a000 	C:\Windows\SYSTEM32\VERSION.dll
0x00007ffe552a0000 - 0x00007ffe552b2000 	C:\Windows\SYSTEM32\UMPDC.dll
0x00007ffe53cc0000 - 0x00007ffe53cd2000 	C:\Windows\SYSTEM32\kernel.appcore.dll
0x00007ffe517e0000 - 0x00007ffe517ea000 	C:\Users\sonaw\.jdks\openjdk-24.0.2\bin\jimage.dll
0x00007ffe53a30000 - 0x00007ffe53c31000 	C:\Windows\SYSTEM32\DBGHELP.DLL
0x00007ffe46d10000 - 0x00007ffe46d44000 	C:\Windows\SYSTEM32\dbgcore.DLL
0x00007ffe55c90000 - 0x00007ffe55d12000 	C:\Windows\System32\bcryptPrimitives.dll
0x00007ffe4bb80000 - 0x00007ffe4bb9e000 	C:\Users\sonaw\.jdks\openjdk-24.0.2\bin\java.dll
0x00007ffe576e0000 - 0x00007ffe5780b000 	C:\Windows\System32\ole32.dll
0x00007ffe57380000 - 0x00007ffe576d4000 	C:\Windows\System32\combase.dll
0x00007ffe55e50000 - 0x00007ffe565c0000 	C:\Windows\System32\SHELL32.dll
0x00007ffe53280000 - 0x00007ffe53a25000 	C:\Windows\SYSTEM32\windows.storage.dll
0x00007ffe54db0000 - 0x00007ffe54ddb000 	C:\Windows\SYSTEM32\Wldp.dll
0x00007ffe56720000 - 0x00007ffe567ed000 	C:\Windows\System32\OLEAUT32.dll
0x00007ffe57ce0000 - 0x00007ffe57d8d000 	C:\Windows\System32\SHCORE.dll
0x00007ffe57c80000 - 0x00007ffe57cdb000 	C:\Windows\System32\shlwapi.dll
0x00007ffe55390000 - 0x00007ffe553b4000 	C:\Windows\SYSTEM32\profapi.dll
0x00007ffe38e60000 - 0x00007ffe38f37000 	C:\Users\sonaw\.jdks\openjdk-24.0.2\bin\jsvml.dll
0x00007ffe4d7f0000 - 0x00007ffe4d800000 	C:\Users\sonaw\.jdks\openjdk-24.0.2\bin\net.dll
0x00007ffe54b10000 - 0x00007ffe54b7a000 	C:\Windows\system32\mswsock.dll
0x00007ffe4bb20000 - 0x00007ffe4bb36000 	C:\Users\sonaw\.jdks\openjdk-24.0.2\bin\nio.dll
0x00007ffe4bb00000 - 0x00007ffe4bb17000 	C:\Users\sonaw\.jdks\openjdk-24.0.2\bin\zip.dll
0x00007ffe4af20000 - 0x00007ffe4af2a000 	C:\Users\sonaw\.jdks\openjdk-24.0.2\bin\management.dll
0x00007ffe4af10000 - 0x00007ffe4af1b000 	C:\Users\sonaw\.jdks\openjdk-24.0.2\bin\management_ext.dll
0x00007ffe56890000 - 0x00007ffe56898000 	C:\Windows\System32\PSAPI.DLL
0x00007ffe4af30000 - 0x00007ffe4af3e000 	C:\Users\sonaw\.jdks\openjdk-24.0.2\bin\sunmscapi.dll
0x00007ffe55830000 - 0x00007ffe5598d000 	C:\Windows\System32\CRYPT32.dll
0x00007ffe54e20000 - 0x00007ffe54e47000 	C:\Windows\SYSTEM32\ncrypt.dll
0x00007ffe54de0000 - 0x00007ffe54e1b000 	C:\Windows\SYSTEM32\NTASN1.dll
0x00007ffe54d00000 - 0x00007ffe54d18000 	C:\Windows\SYSTEM32\CRYPTSP.dll
0x00007ffe54430000 - 0x00007ffe54468000 	C:\Windows\system32\rsaenh.dll
0x00007ffe55350000 - 0x00007ffe5537e000 	C:\Windows\SYSTEM32\USERENV.dll
0x00007ffe54d20000 - 0x00007ffe54d2c000 	C:\Windows\SYSTEM32\CRYPTBASE.dll
0x00007ffe547f0000 - 0x00007ffe5482b000 	C:\Windows\SYSTEM32\IPHLPAPI.DLL
0x00007ffe57370000 - 0x00007ffe57378000 	C:\Windows\System32\NSI.dll
0x00007ffe49a00000 - 0x00007ffe49a10000 	C:\Users\sonaw\.jdks\openjdk-24.0.2\bin\verify.dll
0x00007ffe4bcd0000 - 0x00007ffe4bcd9000 	C:\Users\sonaw\.jdks\openjdk-24.0.2\bin\extnet.dll

JVMTI agents: none

dbghelp: loaded successfully - version: 4.0.5 - missing functions: none
symbol engine: initialized successfully - sym options: 0x614 - pdb path: .;C:\Users\sonaw\.jdks\openjdk-24.0.2\bin;C:\Windows\SYSTEM32;C:\Windows\WinSxS\amd64_microsoft.windows.common-controls_6595b64144ccf1df_6.0.19041.6456_none_60b8a6cb71f64256;C:\Users\sonaw\.jdks\openjdk-24.0.2\bin\server

VM Arguments:
java_command: C:\Users\sonaw\AppData\Local\Temp\surefire180633786338301435\surefirebooter-20260406230133577_3.jar C:\Users\sonaw\AppData\Local\Temp\surefire180633786338301435 2026-04-06T23-01-33_416-jvmRun1 surefire-20260406230133577_1tmp surefire_0-20260406230133577_2tmp
java_class_path (initial): C:\Users\sonaw\AppData\Local\Temp\surefire180633786338301435\surefirebooter-20260406230133577_3.jar
Launcher Type: SUN_STANDARD

[Global flags]
     intx CICompilerCount                          = 4                                         {product} {ergonomic}
     uint ConcGCThreads                            = 2                                         {product} {ergonomic}
     uint G1ConcRefinementThreads                  = 8                                         {product} {ergonomic}
   size_t G1HeapRegionSize                         = 1048576                                   {product} {ergonomic}
   size_t InitialHeapSize                          = 134217728                                 {product} {ergonomic}
   size_t MarkStackSize                            = 4194304                                   {product} {ergonomic}
   size_t MarkStackSizeMax                         = 536870912                                 {product} {ergonomic}
   size_t MaxHeapSize                              = 2116026368                                {product} {ergonomic}
   size_t MaxNewSize                               = 1268776960                                {product} {ergonomic}
   size_t MinHeapDeltaBytes                        = 1048576                                   {product} {ergonomic}
   size_t MinHeapSize                              = 8388608                                   {product} {ergonomic}
    uintx NonNMethodCodeHeapSize                   = 5832704                                {pd product} {ergonomic}
    uintx NonProfiledCodeHeapSize                  = 122945536                              {pd product} {ergonomic}
    uintx ProfiledCodeHeapSize                     = 122880000                              {pd product} {ergonomic}
    uintx ReservedCodeCacheSize                    = 251658240                              {pd product} {ergonomic}
     bool SegmentedCodeCache                       = true                                      {product} {ergonomic}
   size_t SoftMaxHeapSize                          = 2116026368                             {manageable} {ergonomic}
     bool UseCompressedOops                        = true                           {product lp64_product} {ergonomic}
     bool UseG1GC                                  = true                                      {product} {ergonomic}
     bool UseLargePagesIndividualAllocation        = false                                  {pd product} {ergonomic}

Logging:
Log output configuration:
 #0: stdout all=warning uptime,level,tags foldmultilines=false
 #1: stderr all=off uptime,level,tags foldmultilines=false

Environment Variables:
JAVA_HOME=C:\Program Files\Java\jdk-23
PATH=C:\Users\sonaw\AppData\Local\Microsoft\WindowsApps;C:\Program Files\Java\jdk-23\bin;D:\Microsoft VS Code\bin;C:\Users\sonaw\AppData\Roaming\npm;C:\Program Files\nodejs;C:\Users\sonaw\AppData\Local\Programs\mongosh\;C:\Users\sonaw\Downloads\scala3-3.5.2-x86_64-pc-win32\scala3-3.5.2-x86_64-pc-win32\bin;C:\Program Files\Git\cmd;C:\Users\sonaw\AppData\Roaming\Microsoft\Windows\Start Menu\Programs\Python 3.13;C:\Windows\System32;D:\Downloads;C:\flutter\bin;C:\Windows\System32\WindowsPowerShell\v1.0\;C:\Users\sonaw\AppData\Local\Programs\Python\Python313;D:\ffmpeg-7.1.1-essentials_build\bin;D:\flutter\bin;D:\;C:\Program Files\PostgreSQL\17\bin;C:\Program Files\Maven\apache-maven-3.9.9\bin;C:\Program Files\Microsoft SQL Server\170\Tools\Binn\;C:\Program Files\Microsoft SQL Server\150\Tools\Binn\;C:\Program Files\Microsoft SQL Server\Client SDK\ODBC\170\Tools\Binn\;C:\Program Files\dotnet\;C:\Users\sonaw\AppData\Local\Programs\Python\Python311\Scripts\;C:\Users\sonaw\AppData\Local\Programs\Python\Python311\;C:\Users\sonaw\AppData\Local\Programs\Python\Launcher\;C:\Users\sonaw\AppData\Local\Microsoft\WindowsApps;C:\Program Files\Java\jdk-23\bin;D:\Microsoft VS Code\bin;C:\Program Files\nodejs;C:\Users\sonaw\Downloads\scala3-3.5.2-x86_64-pc-win32\scala3-3.5.2-x86_64-pc-win32\bin;C:\Users\sonaw\AppData\Roaming\Microsoft\Windows\Start Menu\Programs\Python 3.13;D:\Downloads\IntelliJ IDEA Community Edition 2024.3.2\bin;;C:\Users\sonaw\AppData\Local\GitHubDesktop\bin;C:\Users\sonaw\AppData\Roaming\npm;D:\node_modules\npm\bin;C:\Users\sonaw\.dotnet\tools;D:\Antigravity\bin
USERNAME=sonaw
OS=Windows_NT
PROCESSOR_IDENTIFIER=Intel64 Family 6 Model 142 Stepping 11, GenuineIntel
TMP=C:\Users\sonaw\AppData\Local\Temp
TEMP=C:\Users\sonaw\AppData\Local\Temp




Periodic native trim disabled

---------------  S Y S T E M  ---------------

OS:
 Windows 10 , 64 bit Build 19041 (10.0.19041.5915)
OS uptime: 1 days 14:53 hours

CPU: total 8 (initial active 8) (4 cores per cpu, 2 threads per core) family 6 model 142 stepping 11 microcode 0xf6, cx8, cmov, fxsr, ht, mmx, 3dnowpref, sse, sse2, sse3, ssse3, sse4.1, sse4.2, popcnt, lzcnt, tsc, tscinvbit, avx, avx2, aes, erms, clmul, bmi1, bmi2, adx, fma, vzeroupper, clflush, clflushopt, rdtscp, f16c
Processor Information for the first 8 processors :
  Max Mhz: 1800, Current Mhz: 1600, Mhz Limit: 1584

Memory: 4k page, system-wide physical 8067M (524M free)
TotalPageFile size 20488M (AvailPageFile size 1M)
current process WorkingSet (physical memory assigned to process): 315M, peak: 318M
current process commit charge ("private bytes"): 382M, peak: 396M

vm_info: OpenJDK 64-Bit Server VM (24.0.2+12-54) for windows-amd64 JRE (24.0.2+12-54), built on 2025-07-08T12:10:27Z with MS VC++ 17.6 (VS2022)

END.
